Archive member included to satisfy reference by file (symbol)

/usr/lib/gcc/arm-none-eabi/13.2.1/../../../arm-none-eabi/lib/thumb/v7e-m+fp/hard/libc_nano.a(libc_a-init.o)
                              /usr/lib/gcc/arm-none-eabi/13.2.1/../../../arm-none-eabi/lib/thumb/v7e-m+fp/hard/crt0.o (__libc_init_array)
/usr/lib/gcc/arm-none-eabi/13.2.1/../../../arm-none-eabi/lib/thumb/v7e-m+fp/hard/libc_nano.a(libc_a-memset.o)
                              /usr/lib/gcc/arm-none-eabi/13.2.1/../../../arm-none-eabi/lib/thumb/v7e-m+fp/hard/crt0.o (memset)
/usr/lib/gcc/arm-none-eabi/13.2.1/../../../arm-none-eabi/lib/thumb/v7e-m+fp/hard/libc_nano.a(libc_a-errno.o)
                              build/sysmem.o (__errno)
/usr/lib/gcc/arm-none-eabi/13.2.1/../../../arm-none-eabi/lib/thumb/v7e-m+fp/hard/libc_nano.a(libc_a-exit.o)
                              /usr/lib/gcc/arm-none-eabi/13.2.1/../../../arm-none-eabi/lib/thumb/v7e-m+fp/hard/crt0.o (exit)
/usr/lib/gcc/arm-none-eabi/13.2.1/../../../arm-none-eabi/lib/thumb/v7e-m+fp/hard/libc_nano.a(libc_a-atexit.o)
                              /usr/lib/gcc/arm-none-eabi/13.2.1/../../../arm-none-eabi/lib/thumb/v7e-m+fp/hard/crt0.o (atexit)
/usr/lib/gcc/arm-none-eabi/13.2.1/../../../arm-none-eabi/lib/thumb/v7e-m+fp/hard/libc_nano.a(libc_a-fini.o)
                              /usr/lib/gcc/arm-none-eabi/13.2.1/../../../arm-none-eabi/lib/thumb/v7e-m+fp/hard/crt0.o (__libc_fini_array)
/usr/lib/gcc/arm-none-eabi/13.2.1/../../../arm-none-eabi/lib/thumb/v7e-m+fp/hard/libc_nano.a(libc_a-impure.o)
                              /usr/lib/gcc/arm-none-eabi/13.2.1/../../../arm-none-eabi/lib/thumb/v7e-m+fp/hard/libc_nano.a(libc_a-errno.o) (_impure_ptr)
/usr/lib/gcc/arm-none-eabi/13.2.1/../../../arm-none-eabi/lib/thumb/v7e-m+fp/hard/libc_nano.a(libc_a-findfp.o)
                              /usr/lib/gcc/arm-none-eabi/13.2.1/../../../arm-none-eabi/lib/thumb/v7e-m+fp/hard/libc_nano.a(libc_a-exit.o) (__stdio_exit_handler)
/usr/lib/gcc/arm-none-eabi/13.2.1/../../../arm-none-eabi/lib/thumb/v7e-m+fp/hard/libc_nano.a(libc_a-fflush.o)
                              /usr/lib/gcc/arm-none-eabi/13.2.1/../../../arm-none-eabi/lib/thumb/v7e-m+fp/hard/libc_nano.a(libc_a-findfp.o) (_fflush_r)
/usr/lib/gcc/arm-none-eabi/13.2.1/../../../arm-none-eabi/lib/thumb/v7e-m+fp/hard/libc_nano.a(libc_a-mallocr.o)
                              /usr/lib/gcc/arm-none-eabi/13.2.1/../../../arm-none-eabi/lib/thumb/v7e-m+fp/hard/libc_nano.a(libc_a-findfp.o) (_malloc_r)
/usr/lib/gcc/arm-none-eabi/13.2.1/../../../arm-none-eabi/lib/thumb/v7e-m+fp/hard/libc_nano.a(libc_a-freer.o)
                              /usr/lib/gcc/arm-none-eabi/13.2.1/../../../arm-none-eabi/lib/thumb/v7e-m+fp/hard/libc_nano.a(libc_a-fflush.o) (_free_r)
/usr/lib/gcc/arm-none-eabi/13.2.1/../../../arm-none-eabi/lib/thumb/v7e-m+fp/hard/libc_nano.a(libc_a-fwalk.o)
                              /usr/lib/gcc/arm-none-eabi/13.2.1/../../../arm-none-eabi/lib/thumb/v7e-m+fp/hard/libc_nano.a(libc_a-findfp.o) (_fwalk_sglue)
/usr/lib/gcc/arm-none-eabi/13.2.1/../../../arm-none-eabi/lib/thumb/v7e-m+fp/hard/libc_nano.a(libc_a-__atexit.o)
                              /usr/lib/gcc/arm-none-eabi/13.2.1/../../../arm-none-eabi/lib/thumb/v7e-m+fp/hard/libc_nano.a(libc_a-atexit.o) (__register_exitproc)
/usr/lib/gcc/arm-none-eabi/13.2.1/../../../arm-none-eabi/lib/thumb/v7e-m+fp/hard/libc_nano.a(libc_a-mlock.o)
                              /usr/lib/gcc/arm-none-eabi/13.2.1/../../../arm-none-eabi/lib/thumb/v7e-m+fp/hard/libc_nano.a(libc_a-mallocr.o) (__malloc_lock)
/usr/lib/gcc/arm-none-eabi/13.2.1/../../../arm-none-eabi/lib/thumb/v7e-m+fp/hard/libc_nano.a(libc_a-sbrkr.o)
                              /usr/lib/gcc/arm-none-eabi/13.2.1/../../../arm-none-eabi/lib/thumb/v7e-m+fp/hard/libc_nano.a(libc_a-mallocr.o) (_sbrk_r)
/usr/lib/gcc/arm-none-eabi/13.2.1/../../../arm-none-eabi/lib/thumb/v7e-m+fp/hard/libc_nano.a(libc_a-stdio.o)
                              /usr/lib/gcc/arm-none-eabi/13.2.1/../../../arm-none-eabi/lib/thumb/v7e-m+fp/hard/libc_nano.a(libc_a-findfp.o) (__sread)
/usr/lib/gcc/arm-none-eabi/13.2.1/../../../arm-none-eabi/lib/thumb/v7e-m+fp/hard/libc_nano.a(libc_a-closer.o)
                              /usr/lib/gcc/arm-none-eabi/13.2.1/../../../arm-none-eabi/lib/thumb/v7e-m+fp/hard/libc_nano.a(libc_a-stdio.o) (_close_r)
/usr/lib/gcc/arm-none-eabi/13.2.1/../../../arm-none-eabi/lib/thumb/v7e-m+fp/hard/libc_nano.a(libc_a-__call_atexit.o)
                              /usr/lib/gcc/arm-none-eabi/13.2.1/../../../arm-none-eabi/lib/thumb/v7e-m+fp/hard/libc_nano.a(libc_a-__atexit.o) (__call_exitprocs)
/usr/lib/gcc/arm-none-eabi/13.2.1/../../../arm-none-eabi/lib/thumb/v7e-m+fp/hard/libc_nano.a(libc_a-readr.o)
                              /usr/lib/gcc/arm-none-eabi/13.2.1/../../../arm-none-eabi/lib/thumb/v7e-m+fp/hard/libc_nano.a(libc_a-stdio.o) (_read_r)
/usr/lib/gcc/arm-none-eabi/13.2.1/../../../arm-none-eabi/lib/thumb/v7e-m+fp/hard/libc_nano.a(libc_a-reent.o)
[...]
Memory Configuration

Name             Origin             Length             Attributes
RAM              0x20000000         0x00030000         xrw
CCMRAM           0x10000000         0x00010000         xrw
FLASH            0x08000000         0x00200000         xr
*default*        0x00000000         0xffffffff

Linker script and memory map

LOAD /usr/lib/gcc/arm-none-eabi/13.2.1/thumb/v7e-m+fp/hard/crti.o
LOAD /usr/lib/gcc/arm-none-eabi/13.2.1/thumb/v7e-m+fp/hard/crtbegin.o
LOAD /usr/lib/gcc/arm-none-eabi/13.2.1/../../../arm-none-eabi/lib/thumb/v7e-m+fp/hard/crt0.o
LOAD build/main.o
LOAD build/stm32f4xx_it.o
LOAD build/stm32f4xx_hal_msp.o
LOAD build/stm32f4xx_hal_rcc.o
LOAD build/stm32f4xx_hal_rcc_ex.o
LOAD build/stm32f4xx_hal_flash.o
LOAD build/stm32f4xx_hal_flash_ex.o
LOAD build/stm32f4xx_hal_flash_ramfunc.o
LOAD build/stm32f4xx_hal_gpio.o
LOAD build/stm32f4xx_hal_dma_ex.o
LOAD build/stm32f4xx_hal_dma.o
LOAD build/stm32f4xx_hal_pwr.o
LOAD build/stm32f4xx_hal_pwr_ex.o
LOAD build/stm32f4xx_hal_cortex.o
LOAD build/stm32f4xx_hal.o
LOAD build/stm32f4xx_hal_exti.o
LOAD build/stm32f4xx_hal_eth.o
LOAD build/stm32f4xx_hal_uart.o
LOAD build/stm32f4xx_hal_pcd.o
LOAD build/stm32f4xx_hal_pcd_ex.o
LOAD build/stm32f4xx_ll_usb.o
LOAD build/system_stm32f4xx.o
LOAD build/sysmem.o
LOAD build/syscalls.o
LOAD build/startup_stm32f439xx.o
LOAD /usr/lib/gcc/arm-none-eabi/13.2.1/../../../arm-none-eabi/lib/thumb/v7e-m+fp/hard/libc_nano.a
LOAD /usr/lib/gcc/arm-none-eabi/13.2.1/../../../arm-none-eabi/lib/thumb/v7e-m+fp/hard/libm.a
LOAD /usr/lib/gcc/arm-none-eabi/13.2.1/../../../arm-none-eabi/lib/thumb/v7e-m+fp/hard/libnosys.a
START GROUP
LOAD /usr/lib/gcc/arm-none-eabi/13.2.1/thumb/v7e-m+fp/hard/libgcc.a
LOAD /usr/lib/gcc/arm-none-eabi/13.2.1/../../../arm-none-eabi/lib/thumb/v7e-m+fp/hard/libc_nano.a
END GROUP
START GROUP
LOAD /usr/lib/gcc/arm-none-eabi/13.2.1/thumb/v7e-m+fp/hard/libgcc.a
LOAD /usr/lib/gcc/arm-none-eabi/13.2.1/../../../arm-none-eabi/lib/thumb/v7e-m+fp/hard/libc_nano.a
END GROUP
LOAD /usr/lib/gcc/arm-none-eabi/13.2.1/thumb/v7e-m+fp/hard/crtend.o
LOAD /usr/lib/gcc/arm-none-eabi/13.2.1/thumb/v7e-m+fp/hard/crtn.o
                0x20030000                        _estack = (ORIGIN (RAM) + LENGTH (RAM))
                0x00000200                        _Min_Heap_Size = 0x200
                0x00000400                        _Min_Stack_Size = 0x400

.isr_vector     0x08000000      0x1ac
                0x08000000                        . = ALIGN (0x4)
 *(.isr_vector)
 .isr_vector    0x08000000      0x1ac build/startup_stm32f439xx.o
                0x08000000                g_pfnVectors
                0x080001ac                        . = ALIGN (0x4)

.text           0x080001ac     0x1efc
                0x080001ac                        . = ALIGN (0x4)
 *(.text)
 .text          0x080001ac       0x88 /usr/lib/gcc/arm-none-eabi/13.2.1/thumb/v7e-m+fp/hard/crtbegin.o
 .text          0x08000234       0x50 /usr/lib/gcc/arm-none-eabi/13.2.1/../../../arm-none-eabi/lib/thumb/v7e-m+fp/hard/libc_nano.a(libc_a-init.o)
                0x08000234                __libc_init_array
 .text          0x08000284       0xa4 /usr/lib/gcc/arm-none-eabi/13.2.1/../../../arm-none-eabi/lib/thumb/v7e-m+fp/hard/libc_nano.a(libc_a-memset.o)
                0x08000284                memset
 .text          0x08000328       0x30 /usr/lib/gcc/arm-none-eabi/13.2.1/thumb/v7e-m+fp/hard/libgcc.a(_aeabi_uldivmod.o)
                0x08000328                __aeabi_uldivmod
 .text          0x08000358      0x2bc /usr/lib/gcc/arm-none-eabi/13.2.1/thumb/v7e-m+fp/hard/libgcc.a(_udivmoddi4.o)
                0x08000358                __udivmoddi4
 .text          0x08000614        0x4 /usr/lib/gcc/arm-none-eabi/13.2.1/thumb/v7e-m+fp/hard/libgcc.a(_dvmd_tls.o)
                0x08000614                __aeabi_ldiv0
                0x08000614                __aeabi_idiv0
 *(.text*)
 .text.MX_GPIO_Init
                0x08000618      0x108 build/main.o
 .text.Error_Handler
                0x08000720        0x4 build/main.o
                0x08000720                Error_Handler
 .text.MX_ETH_Init
                0x08000724       0x6c build/main.o
 .text.MX_USART3_UART_Init
                0x08000790       0x34 build/main.o
 .text.MX_USB_OTG_FS_PCD_Init
                0x080007c4       0x34 build/main.o
 .text.SystemClock_Config
                0x080007f8       0xa8 build/main.o
                0x080007f8                SystemClock_Config
 .text.main     0x080008a0       0x48 build/main.o
                0x080008a0                main
 .text.NMI_Handler
                0x080008e8        0x2 build/stm32f4xx_it.o
                0x080008e8                NMI_Handler
 .text.HardFault_Handler
                0x080008ea        0x2 build/stm32f4xx_it.o
                0x080008ea                HardFault_Handler
 .text.MemManage_Handler
                0x080008ec        0x2 build/stm32f4xx_it.o
                0x080008ec                MemManage_Handler
 .text.BusFault_Handler
                0x080008ee        0x2 build/stm32f4xx_it.o
                0x080008ee                BusFault_Handler
 .text.UsageFault_Handler
                0x080008f0        0x2 build/stm32f4xx_it.o
                0x080008f0                UsageFault_Handler
 .text.SVC_Handler
                0x080008f2        0x2 build/stm32f4xx_it.o
                0x080008f2                SVC_Handler
 .text.DebugMon_Handler
                0x080008f4        0x2 build/stm32f4xx_it.o
                0x080008f4                DebugMon_Handler
 .text.PendSV_Handler
                0x080008f6        0x2 build/stm32f4xx_it.o
                0x080008f6                PendSV_Handler
 .text.SysTick_Handler
                0x080008f8        0x8 build/stm32f4xx_it.o
                0x080008f8                SysTick_Handler
 .text.HAL_MspInit
                0x08000900       0x38 build/stm32f4xx_hal_msp.o
                0x08000900                HAL_MspInit
 .text.HAL_ETH_MspInit
                0x08000938      0x11c build/stm32f4xx_hal_msp.o
                0x08000938                HAL_ETH_MspInit
 .text.HAL_UART_MspInit
                0x08000a54       0x70 build/stm32f4xx_hal_msp.o
                0x08000a54                HAL_UART_MspInit
 .text.HAL_PCD_MspInit
                0x08000ac4       0x88 build/stm32f4xx_hal_msp.o
                0x08000ac4                HAL_PCD_MspInit
 .text.HAL_RCC_OscConfig
                0x08000b4c      0x3f8 build/stm32f4xx_hal_rcc.o
                0x08000b4c                HAL_RCC_OscConfig
 .text.HAL_RCC_GetSysClockFreq
                0x08000f44       0xdc build/stm32f4xx_hal_rcc.o
                0x08000f44                HAL_RCC_GetSysClockFreq
 .text.HAL_RCC_ClockConfig
                0x08001020      0x160 build/stm32f4xx_hal_rcc.o
                0x08001020                HAL_RCC_ClockConfig
 .text.HAL_RCC_GetHCLKFreq
                0x08001180        0xc build/stm32f4xx_hal_rcc.o
                0x08001180                HAL_RCC_GetHCLKFreq
 .text.HAL_RCC_GetPCLK1Freq
                0x0800118c       0x20 build/stm32f4xx_hal_rcc.o
                0x0800118c                HAL_RCC_GetPCLK1Freq
 .text.HAL_RCC_GetPCLK2Freq
                0x080011ac       0x20 build/stm32f4xx_hal_rcc.o
                0x080011ac                HAL_RCC_GetPCLK2Freq
 .text.HAL_GPIO_Init
                0x080011cc      0x208 build/stm32f4xx_hal_gpio.o
                0x080011cc                HAL_GPIO_Init
 .text.HAL_GPIO_WritePin
                0x080013d4        0xc build/stm32f4xx_hal_gpio.o
                0x080013d4                HAL_GPIO_WritePin
 .text.HAL_GPIO_TogglePin
                0x080013e0       0x12 build/stm32f4xx_hal_gpio.o
                0x080013e0                HAL_GPIO_TogglePin
 *fill*         0x080013f2        0x2 
 .text.__NVIC_SetPriority
                0x080013f4       0x28 build/stm32f4xx_hal_cortex.o
 .text.NVIC_EncodePriority
                0x0800141c       0x3e build/stm32f4xx_hal_cortex.o
 *fill*         0x0800145a        0x2 
 .text.HAL_NVIC_SetPriorityGrouping
                0x0800145c       0x24 build/stm32f4xx_hal_cortex.o
                0x0800145c                HAL_NVIC_SetPriorityGrouping
 .text.HAL_NVIC_SetPriority
                0x08001480       0x20 build/stm32f4xx_hal_cortex.o
                0x08001480                HAL_NVIC_SetPriority
 .text.HAL_SYSTICK_Config
                0x080014a0       0x28 build/stm32f4xx_hal_cortex.o
                0x080014a0                HAL_SYSTICK_Config
 .text.HAL_InitTick
                0x080014c8       0x4c build/stm32f4xx_hal.o
                0x080014c8                HAL_InitTick
 .text.HAL_Init
                0x08001514       0x34 build/stm32f4xx_hal.o
                0x08001514                HAL_Init
 .text.HAL_IncTick
                0x08001548       0x18 build/stm32f4xx_hal.o
                0x08001548                HAL_IncTick
 .text.HAL_GetTick
                0x08001560        0xc build/stm32f4xx_hal.o
                0x08001560                HAL_GetTick
 .text.HAL_Delay
                0x0800156c       0x28 build/stm32f4xx_hal.o
                0x0800156c                HAL_Delay
 .text.ETH_MACAddressConfig
                0x08001594       0x30 build/stm32f4xx_hal_eth.o
 .text.ETH_DMATxDescListInit
                0x080015c4       0x6e build/stm32f4xx_hal_eth.o
 .text.ETH_DMARxDescListInit
                0x08001632       0x7e build/stm32f4xx_hal_eth.o
 .text.ETH_SetMACConfig
                0x080016b0      0x100 build/stm32f4xx_hal_eth.o
 .text.ETH_SetDMAConfig
                0x080017b0       0xc0 build/stm32f4xx_hal_eth.o
 .text.ETH_MACDMAConfig
                0x08001870       0xa6 build/stm32f4xx_hal_eth.o
 *fill*         0x08001916        0x2 
 .text.HAL_ETH_Init
                0x08001918       0xec build/stm32f4xx_hal_eth.o
                0x08001918                HAL_ETH_Init
 .text.UART_SetConfig
                0x08001a04      0x110 build/stm32f4xx_hal_uart.o
 .text.HAL_UART_Init
                0x08001b14       0x60 build/stm32f4xx_hal_uart.o
                0x08001b14                HAL_UART_Init
 .text.HAL_PCD_Init
                0x08001b74      0x102 build/stm32f4xx_hal_pcd.o
                0x08001b74                HAL_PCD_Init
 .text.USB_CoreReset
                0x08001c76       0x58 build/stm32f4xx_ll_usb.o
 .text.USB_CoreInit
                0x08001cce       0x92 build/stm32f4xx_ll_usb.o
                0x08001cce                USB_CoreInit
 .text.USB_DisableGlobalInt
                0x08001d60        0xc build/stm32f4xx_ll_usb.o
                0x08001d60                USB_DisableGlobalInt
 .text.USB_FlushTxFifo
                0x08001d6c       0x4a build/stm32f4xx_ll_usb.o
                0x08001d6c                USB_FlushTxFifo
 .text.USB_FlushRxFifo
                0x08001db6       0x46 build/stm32f4xx_ll_usb.o
                0x08001db6                USB_FlushRxFifo
 .text.USB_SetDevSpeed
                0x08001dfc        0xe build/stm32f4xx_ll_usb.o
                0x08001dfc                USB_SetDevSpeed
 *fill*         0x08001e0a        0x2 
 .text.USB_DevInit
                0x08001e0c      0x194 build/stm32f4xx_ll_usb.o
                0x08001e0c                USB_DevInit
 .text.USB_DevDisconnect
                0x08001fa0       0x1c build/stm32f4xx_ll_usb.o
                0x08001fa0                USB_DevDisconnect
 .text.USB_GetMode
                0x08001fbc        0x8 build/stm32f4xx_ll_usb.o
                0x08001fbc                USB_GetMode
 .text.USB_SetCurrentMode
                0x08001fc4       0x62 build/stm32f4xx_ll_usb.o
                0x08001fc4                USB_SetCurrentMode
 *fill*         0x08002026        0x2 
 .text.SystemInit
                0x08002028       0x14 build/system_stm32f4xx.o
                0x08002028                SystemInit
 .text.Reset_Handler
                0x0800203c       0x50 build/startup_stm32f439xx.o
                0x0800203c                Reset_Handler
 .text.Default_Handler
                0x0800208c        0x2 build/startup_stm32f439xx.o
                0x0800208c                RTC_Alarm_IRQHandler
                0x0800208c                HASH_RNG_IRQHandler
                0x0800208c                EXTI2_IRQHandler
                0x0800208c                TIM8_CC_IRQHandler
                0x0800208c                UART8_IRQHandler
                0x0800208c                SPI4_IRQHandler
                0x0800208c                TIM1_CC_IRQHandler
                0x0800208c                DMA2_Stream5_IRQHandler
                0x0800208c                DMA1_Stream5_IRQHandler
                0x0800208c                PVD_IRQHandler
                0x0800208c                SDIO_IRQHandler
                0x0800208c                TAMP_STAMP_IRQHandler
                0x0800208c                CAN2_RX1_IRQHandler
                0x0800208c                EXTI3_IRQHandler
                0x0800208c                TIM8_TRG_COM_TIM14_IRQHandler
                0x0800208c                TIM1_UP_TIM10_IRQHandler
                0x0800208c                TIM8_UP_TIM13_IRQHandler
                0x0800208c                I2C3_ER_IRQHandler
                0x0800208c                EXTI0_IRQHandler
                0x0800208c                I2C2_EV_IRQHandler
                0x0800208c                DMA1_Stream2_IRQHandler
                0x0800208c                CAN1_RX0_IRQHandler
                0x0800208c                FPU_IRQHandler
                0x0800208c                OTG_HS_WKUP_IRQHandler
                0x0800208c                LTDC_ER_IRQHandler
                0x0800208c                CAN2_SCE_IRQHandler
                0x0800208c                DMA2_Stream2_IRQHandler
                0x0800208c                SPI1_IRQHandler
                0x0800208c                TIM6_DAC_IRQHandler
                0x0800208c                TIM1_BRK_TIM9_IRQHandler
                0x0800208c                DCMI_IRQHandler
                0x0800208c                CAN2_RX0_IRQHandler
                0x0800208c                DMA2_Stream3_IRQHandler
                0x0800208c                USART6_IRQHandler
                0x0800208c                USART3_IRQHandler
                0x0800208c                CRYP_IRQHandler
                0x0800208c                CAN1_RX1_IRQHandler
                0x0800208c                UART5_IRQHandler
                0x0800208c                DMA2_Stream0_IRQHandler
                0x0800208c                TIM4_IRQHandler
                0x0800208c                I2C1_EV_IRQHandler
                0x0800208c                DMA1_Stream6_IRQHandler
                0x0800208c                DMA1_Stream1_IRQHandler
                0x0800208c                UART4_IRQHandler
                0x0800208c                TIM3_IRQHandler
                0x0800208c                RCC_IRQHandler
                0x0800208c                TIM8_BRK_TIM12_IRQHandler
                0x0800208c                Default_Handler
                0x0800208c                EXTI15_10_IRQHandler
                0x0800208c                ADC_IRQHandler
                0x0800208c                DMA1_Stream7_IRQHandler
                0x0800208c                SPI5_IRQHandler
                0x0800208c                TIM7_IRQHandler
                0x0800208c                CAN2_TX_IRQHandler
                0x0800208c                TIM5_IRQHandler
                0x0800208c                DMA2_Stream7_IRQHandler
                0x0800208c                I2C3_EV_IRQHandler
                0x0800208c                EXTI9_5_IRQHandler
                0x0800208c                RTC_WKUP_IRQHandler
                0x0800208c                LTDC_IRQHandler
                0x0800208c                ETH_WKUP_IRQHandler
                0x0800208c                SPI2_IRQHandler
                0x0800208c                OTG_HS_EP1_IN_IRQHandler
                0x0800208c                DMA1_Stream0_IRQHandler
                0x0800208c                CAN1_TX_IRQHandler
                0x0800208c                EXTI4_IRQHandler
                0x0800208c                ETH_IRQHandler
                0x0800208c                OTG_HS_EP1_OUT_IRQHandler
                0x0800208c                WWDG_IRQHandler
                0x0800208c                SPI6_IRQHandler
                0x0800208c                TIM2_IRQHandler
                0x0800208c                OTG_FS_WKUP_IRQHandler
                0x0800208c                TIM1_TRG_COM_TIM11_IRQHandler
                0x0800208c                OTG_HS_IRQHandler
                0x0800208c                DMA2D_IRQHandler
                0x0800208c                EXTI1_IRQHandler
                0x0800208c                UART7_IRQHandler
                0x0800208c                USART2_IRQHandler
                0x0800208c                I2C2_ER_IRQHandler
                0x0800208c                DMA2_Stream1_IRQHandler
                0x0800208c                CAN1_SCE_IRQHandler
                0x0800208c                FLASH_IRQHandler
                0x0800208c                DMA2_Stream4_IRQHandler
                0x0800208c                USART1_IRQHandler
                0x0800208c                OTG_FS_IRQHandler
                0x0800208c                SPI3_IRQHandler
                0x0800208c                DMA1_Stream4_IRQHandler
                0x0800208c                I2C1_ER_IRQHandler
                0x0800208c                FMC_IRQHandler
                0x0800208c                DMA2_Stream6_IRQHandler
                0x0800208c                SAI1_IRQHandler
                0x0800208c                DMA1_Stream3_IRQHandler
 *(.glue_7)
 .glue_7        0x0800208e        0x0 linker stubs
 *(.glue_7t)
 .glue_7t       0x0800208e        0x0 linker stubs
 *(.eh_frame)
 *fill*         0x0800208e        0x2 
 .eh_frame      0x08002090        0x0 /usr/lib/gcc/arm-none-eabi/13.2.1/thumb/v7e-m+fp/hard/crtbegin.o
 *(.init)
 .init          0x08002090        0x4 /usr/lib/gcc/arm-none-eabi/13.2.1/thumb/v7e-m+fp/hard/crti.o
                0x08002090                _init
 .init          0x08002094        0x8 /usr/lib/gcc/arm-none-eabi/13.2.1/thumb/v7e-m+fp/hard/crtn.o
 *(.fini)
 .fini          0x0800209c        0x4 /usr/lib/gcc/arm-none-eabi/13.2.1/thumb/v7e-m+fp/hard/crti.o
                0x0800209c                _fini
 .fini          0x080020a0        0x8 /usr/lib/gcc/arm-none-eabi/13.2.1/thumb/v7e-m+fp/hard/crtn.o
                0x080020a8                        . = ALIGN (0x4)
                0x080020a8                        _etext = .

.vfp11_veneer   0x080020a8        0x0
 .vfp11_veneer  0x080020a8        0x0 linker stubs

.v4_bx          0x080020a8        0x0
 .v4_bx         0x080020a8        0x0 linker stubs

.iplt           0x080020a8        0x0
 .iplt          0x080020a8        0x0 /usr/lib/gcc/arm-none-eabi/13.2.1/thumb/v7e-m+fp/hard/crtbegin.o

.rodata         0x080020a8       0x18
                0x080020a8                        . = ALIGN (0x4)
 *(.rodata)
 *(.rodata*)
 .rodata.APBPrescTable
                0x080020a8        0x8 build/system_stm32f4xx.o
                0x080020a8                APBPrescTable
 .rodata.AHBPrescTable
                0x080020b0       0x10 build/system_stm32f4xx.o
                0x080020b0                AHBPrescTable
                0x080020c0                        . = ALIGN (0x4)

.ARM.extab      0x080020c0        0x0
                0x080020c0                        . = ALIGN (0x4)
 *(.ARM.extab* .gnu.linkonce.armextab.*)
                0x080020c0                        . = ALIGN (0x4)

.ARM            0x080020c0        0x8
                0x080020c0                        . = ALIGN (0x4)
                0x080020c0                        __exidx_start = .
 *(.ARM.exidx*)
 .ARM.exidx     0x080020c0        0x8 /usr/lib/gcc/arm-none-eabi/13.2.1/thumb/v7e-m+fp/hard/libgcc.a(_udivmoddi4.o)
                0x080020c8                        __exidx_end = .
                0x080020c8                        . = ALIGN (0x4)

.preinit_array  0x080020c8        0x0
                0x080020c8                        . = ALIGN (0x4)
                0x080020c8                        PROVIDE (__preinit_array_start = .)
 *(.preinit_array*)
                0x080020c8                        PROVIDE (__preinit_array_end = .)
                0x080020c8                        . = ALIGN (0x4)

.init_array     0x080020c8        0x4
                0x080020c8                        . = ALIGN (0x4)
                0x080020c8                        PROVIDE (__init_array_start = .)
 *(SORT_BY_NAME(.init_array.*))
 *(.init_array*)
 .init_array    0x080020c8        0x4 /usr/lib/gcc/arm-none-eabi/13.2.1/thumb/v7e-m+fp/hard/crtbegin.o
                0x080020cc                        PROVIDE (__init_array_end = .)
                0x080020cc                        . = ALIGN (0x4)

.fini_array     0x080020cc        0x4
                0x080020cc                        . = ALIGN (0x4)
                0x080020cc                        PROVIDE (__fini_array_start = .)
 *(SORT_BY_NAME(.fini_array.*))
 *(.fini_array*)
 .fini_array    0x080020cc        0x4 /usr/lib/gcc/arm-none-eabi/13.2.1/thumb/v7e-m+fp/hard/crtbegin.o
                0x080020d0                        PROVIDE (__fini_array_end = .)
                0x080020d0                        . = ALIGN (0x4)
                0x080020d0                        _sidata = LOADADDR (.data)

.rel.dyn        0x080020d0        0x0
 .rel.iplt      0x080020d0        0x0 /usr/lib/gcc/arm-none-eabi/13.2.1/thumb/v7e-m+fp/hard/crtbegin.o

.data           0x20000000        0xc load address 0x080020d0
                0x20000000                        . = ALIGN (0x4)
                0x20000000                        _sdata = .
 *(.data)
 *(.data*)
 .data.uwTickFreq
                0x20000000        0x1 build/stm32f4xx_hal.o
                0x20000000                uwTickFreq
 *fill*         0x20000001        0x3 
 .data.uwTickPrio
                0x20000004        0x4 build/stm32f4xx_hal.o
                0x20000004                uwTickPrio
 .data.SystemCoreClock
                0x20000008        0x4 build/system_stm32f4xx.o
                0x20000008                SystemCoreClock
 *(.RamFunc)
 *(.RamFunc*)
                0x2000000c                        . = ALIGN (0x4)
                0x2000000c                        _edata = .
                0x080020dc                        _siccmram = LOADADDR (.ccmram)

.tm_clone_table
                0x2000000c        0x0 load address 0x080020dc
 .tm_clone_table
                0x2000000c        0x0 /usr/lib/gcc/arm-none-eabi/13.2.1/thumb/v7e-m+fp/hard/crtbegin.o
 .tm_clone_table
                0x2000000c        0x0 /usr/lib/gcc/arm-none-eabi/13.2.1/thumb/v7e-m+fp/hard/crtend.o

.igot.plt       0x2000000c        0x0 load address 0x080020dc
 .igot.plt      0x2000000c        0x0 /usr/lib/gcc/arm-none-eabi/13.2.1/thumb/v7e-m+fp/hard/crtbegin.o

.ccmram         0x10000000        0x0 load address 0x080020dc
                0x10000000                        . = ALIGN (0x4)
                0x10000000                        _sccmram = .
 *(.ccmram)
 *(.ccmram*)
                0x10000000                        . = ALIGN (0x4)
                0x10000000                        _eccmram = .
                0x10000000                        . = ALIGN (0x4)

.bss            0x2000000c      0x77c
                0x2000000c                        _sbss = .
                0x2000000c                        __bss_start__ = _sbss
 *(.bss)
 .bss           0x2000000c       0x1c /usr/lib/gcc/arm-none-eabi/13.2.1/thumb/v7e-m+fp/hard/crtbegin.o
 *(.bss*)
 .bss.MACAddr.0
                0x20000028        0x6 build/main.o
 *fill*         0x2000002e        0x2 
 .bss.hpcd_USB_OTG_FS
                0x20000030      0x4e4 build/main.o
                0x20000030                hpcd_USB_OTG_FS
 .bss.huart3    0x20000514       0x48 build/main.o
                0x20000514                huart3
 .bss.heth      0x2000055c       0xb0 build/main.o
                0x2000055c                heth
 .bss.DMATxDscrTab
                0x2000060c       0xa0 build/main.o
                0x2000060c                DMATxDscrTab
 .bss.DMARxDscrTab
                0x200006ac       0xa0 build/main.o
                0x200006ac                DMARxDscrTab
 .bss.TxConfig  0x2000074c       0x38 build/main.o
                0x2000074c                TxConfig
 .bss.uwTick    0x20000784        0x4 build/stm32f4xx_hal.o
                0x20000784                uwTick
 *(COMMON)
                0x20000788                        . = ALIGN (0x4)
                0x20000788                        _ebss = .
                0x20000788                        __bss_end__ = _ebss

._user_heap_stack
                0x20000788      0x600
                0x20000788                        . = ALIGN (0x8)
                [!provide]                        PROVIDE (end = .)
                0x20000788                        PROVIDE (_end = .)
                0x20000988                        . = (. + _Min_Heap_Size)
 *fill*         0x20000788      0x200 
                0x20000d88                        . = (. + _Min_Stack_Size)
 *fill*         0x20000988      0x400 
                0x20000d88                        . = ALIGN (0x8)

/DISCARD/
 libc.a(*)
 libm.a(*)
 libgcc.a(*)
OUTPUT(build/test439.elf elf32-littlearm)
LOAD linker stubs
LOAD /usr/lib/gcc/arm-none-eabi/13.2.1/../../../arm-none-eabi/lib/thumb/v7e-m+fp/hard/libc.a
LOAD /usr/lib/gcc/arm-none-eabi/13.2.1/../../../arm-none-eabi/lib/thumb/v7e-m+fp/hard/libm.a
LOAD /usr/lib/gcc/arm-none-eabi/13.2.1/thumb/v7e-m+fp/hard/libgcc.a

.ARM.attributes
                0x00000000       0x30
 .ARM.attributes
                0x00000000       0x22 /usr/lib/gcc/arm-none-eabi/13.2.1/thumb/v7e-m+fp/hard/crti.o
 .ARM.attributes
                0x00000022       0x34 /usr/lib/gcc/arm-none-eabi/13.2.1/thumb/v7e-m+fp/hard/crtbegin.o
 .ARM.attributes
                0x00000056       0x34 build/main.o
 .ARM.attributes
                0x0000008a       0x34 build/stm32f4xx_it.o
 .ARM.attributes
                0x000000be       0x34 build/stm32f4xx_hal_msp.o
 .ARM.attributes
                0x000000f2       0x34 build/stm32f4xx_hal_rcc.o
 .ARM.attributes
                0x00000126       0x34 build/stm32f4xx_hal_gpio.o
 .ARM.attributes
                0x0000015a       0x34 build/stm32f4xx_hal_cortex.o
 .ARM.attributes
                0x0000018e       0x34 build/stm32f4xx_hal.o
 .ARM.attributes
                0x000001c2       0x34 build/stm32f4xx_hal_eth.o
 .ARM.attributes
                0x000001f6       0x34 build/stm32f4xx_hal_uart.o
 .ARM.attributes
                0x0000022a       0x34 build/stm32f4xx_hal_pcd.o
 .ARM.attributes
                0x0000025e       0x34 build/stm32f4xx_ll_usb.o
 .ARM.attributes
                0x00000292       0x34 build/system_stm32f4xx.o
 .ARM.attributes
                0x000002c6       0x21 build/startup_stm32f439xx.o
 .ARM.attributes
                0x000002e7       0x34 /usr/lib/gcc/arm-none-eabi/13.2.1/../../../arm-none-eabi/lib/thumb/v7e-m+fp/hard/libc_nano.a(libc_a-init.o)
 .ARM.attributes
                0x0000031b       0x34 /usr/lib/gcc/arm-none-eabi/13.2.1/../../../arm-none-eabi/lib/thumb/v7e-m+fp/hard/libc_nano.a(libc_a-memset.o)
 .ARM.attributes
                0x0000034f       0x22 /usr/lib/gcc/arm-none-eabi/13.2.1/thumb/v7e-m+fp/hard/libgcc.a(_aeabi_uldivmod.o)
 .ARM.attributes
                0x00000371       0x34 /usr/lib/gcc/arm-none-eabi/13.2.1/thumb/v7e-m+fp/hard/libgcc.a(_udivmoddi4.o)
 .ARM.attributes
                0x000003a5       0x22 /usr/lib/gcc/arm-none-eabi/13.2.1/thumb/v7e-m+fp/hard/libgcc.a(_dvmd_tls.o)
 .ARM.attributes
                0x000003c7       0x34 /usr/lib/gcc/arm-none-eabi/13.2.1/thumb/v7e-m+fp/hard/crtend.o
 .ARM.attributes
                0x000003fb       0x22 /usr/lib/gcc/arm-none-eabi/13.2.1/thumb/v7e-m+fp/hard/crtn.o

.comment        0x00000000       0x26
 .comment       0x00000000       0x26 /usr/lib/gcc/arm-none-eabi/13.2.1/thumb/v7e-m+fp/hard/crtbegin.o
                                 0x27 (size before relaxing)
 .comment       0x00000026       0x27 build/main.o
 .comment       0x00000026       0x27 build/stm32f4xx_it.o
 .comment       0x00000026       0x27 build/stm32f4xx_hal_msp.o
 .comment       0x00000026       0x27 build/stm32f4xx_hal_rcc.o
 .comment       0x00000026       0x27 build/stm32f4xx_hal_gpio.o
 .comment       0x00000026       0x27 build/stm32f4xx_hal_cortex.o
 .comment       0x00000026       0x27 build/stm32f4xx_hal.o
 .comment       0x00000026       0x27 build/stm32f4xx_hal_eth.o
 .comment       0x00000026       0x27 build/stm32f4xx_hal_uart.o
 .comment       0x00000026       0x27 build/stm32f4xx_hal_pcd.o
 .comment       0x00000026       0x27 build/stm32f4xx_ll_usb.o
 .comment       0x00000026       0x27 build/system_stm32f4xx.o
 .comment       0x00000026       0x27 /usr/lib/gcc/arm-none-eabi/13.2.1/../../../arm-none-eabi/lib/thumb/v7e-m+fp/hard/libc_nano.a(libc_a-init.o)
 .comment       0x00000026       0x27 /usr/lib/gcc/arm-none-eabi/13.2.1/../../../arm-none-eabi/lib/thumb/v7e-m+fp/hard/libc_nano.a(libc_a-memset.o)
 .comment       0x00000026       0x27 /usr/lib/gcc/arm-none-eabi/13.2.1/thumb/v7e-m+fp/hard/libgcc.a(_udivmoddi4.o)
 .comment       0x00000026       0x27 /usr/lib/gcc/arm-none-eabi/13.2.1/thumb/v7e-m+fp/hard/crtend.o

.debug_info     0x00000000    0x13132
 .debug_info    0x00000000     0x2133 build/main.o
 .debug_info    0x00002133      0x157 build/stm32f4xx_it.o
 .debug_info    0x0000228a     0x1c52 build/stm32f4xx_hal_msp.o
 .debug_info    0x00003edc      0xc12 build/stm32f4xx_hal_rcc.o
 .debug_info    0x00004aee      0x846 build/stm32f4xx_hal_gpio.o
 .debug_info    0x00005334     0x11f8 build/stm32f4xx_hal_cortex.o
 .debug_info    0x0000652c      0xb7a build/stm32f4xx_hal.o
 .debug_info    0x000070a6     0x2c94 build/stm32f4xx_hal_eth.o
 .debug_info    0x00009d3a     0x4385 build/stm32f4xx_hal_uart.o
 .debug_info    0x0000e0bf     0x1f13 build/stm32f4xx_hal_pcd.o
 .debug_info    0x0000ffd2     0x21de build/stm32f4xx_ll_usb.o
 .debug_info    0x000121b0      0x5bd build/system_stm32f4xx.o
 .debug_info    0x0001276d       0x30 build/startup_stm32f439xx.o
 .debug_info    0x0001279d      0x10b /usr/lib/gcc/arm-none-eabi/13.2.1/../../../arm-none-eabi/lib/thumb/v7e-m+fp/hard/libc_nano.a(libc_a-init.o)
 .debug_info    0x000128a8      0x135 /usr/lib/gcc/arm-none-eabi/13.2.1/../../../arm-none-eabi/lib/thumb/v7e-m+fp/hard/libc_nano.a(libc_a-memset.o)
 .debug_info    0x000129dd       0x24 /usr/lib/gcc/arm-none-eabi/13.2.1/thumb/v7e-m+fp/hard/libgcc.a(_aeabi_uldivmod.o)
 .debug_info    0x00012a01      0x6f5 /usr/lib/gcc/arm-none-eabi/13.2.1/thumb/v7e-m+fp/hard/libgcc.a(_udivmoddi4.o)
 .debug_info    0x000130f6       0x3c /usr/lib/gcc/arm-none-eabi/13.2.1/thumb/v7e-m+fp/hard/libgcc.a(_dvmd_tls.o)

.debug_abbrev   0x00000000     0x2253
 .debug_abbrev  0x00000000      0x2e6 build/main.o
 .debug_abbrev  0x000002e6       0x80 build/stm32f4xx_it.o
 .debug_abbrev  0x00000366      0x245 build/stm32f4xx_hal_msp.o
 .debug_abbrev  0x000005ab      0x2de build/stm32f4xx_hal_rcc.o
 .debug_abbrev  0x00000889      0x22b build/stm32f4xx_hal_gpio.o
 .debug_abbrev  0x00000ab4      0x3ca build/stm32f4xx_hal_cortex.o
 .debug_abbrev  0x00000e7e      0x244 build/stm32f4xx_hal.o
 .debug_abbrev  0x000010c2      0x3a4 build/stm32f4xx_hal_eth.o
 .debug_abbrev  0x00001466      0x366 build/stm32f4xx_hal_uart.o
 .debug_abbrev  0x000017cc      0x2e7 build/stm32f4xx_hal_pcd.o
 .debug_abbrev  0x00001ab3      0x344 build/stm32f4xx_ll_usb.o
 .debug_abbrev  0x00001df7      0x11b build/system_stm32f4xx.o
 .debug_abbrev  0x00001f12       0x1d build/startup_stm32f439xx.o
 .debug_abbrev  0x00001f2f       0xc9 /usr/lib/gcc/arm-none-eabi/13.2.1/../../../arm-none-eabi/lib/thumb/v7e-m+fp/hard/libc_nano.a(libc_a-init.o)
 .debug_abbrev  0x00001ff8       0xb7 /usr/lib/gcc/arm-none-eabi/13.2.1/../../../arm-none-eabi/lib/thumb/v7e-m+fp/hard/libc_nano.a(libc_a-memset.o)
 .debug_abbrev  0x000020af       0x14 /usr/lib/gcc/arm-none-eabi/13.2.1/thumb/v7e-m+fp/hard/libgcc.a(_aeabi_uldivmod.o)
 .debug_abbrev  0x000020c3      0x16a /usr/lib/gcc/arm-none-eabi/13.2.1/thumb/v7e-m+fp/hard/libgcc.a(_udivmoddi4.o)
 .debug_abbrev  0x0000222d       0x26 /usr/lib/gcc/arm-none-eabi/13.2.1/thumb/v7e-m+fp/hard/libgcc.a(_dvmd_tls.o)

.debug_loc      0x00000000     0xd0c5
 .debug_loc     0x00000000       0xff build/main.o
 .debug_loc     0x000000ff       0x20 build/stm32f4xx_it.o
 .debug_loc     0x0000011f      0x32e build/stm32f4xx_hal_msp.o
 .debug_loc     0x0000044d      0x720 build/stm32f4xx_hal_rcc.o
 .debug_loc     0x00000b6d      0x60b build/stm32f4xx_hal_gpio.o
 .debug_loc     0x00001178      0x8ff build/stm32f4xx_hal_cortex.o
 .debug_loc     0x00001a77      0x1f9 build/stm32f4xx_hal.o
 .debug_loc     0x00001c70     0x205e build/stm32f4xx_hal_eth.o
 .debug_loc     0x00003cce     0x5040 build/stm32f4xx_hal_uart.o
 .debug_loc     0x00008d0e     0x1832 build/stm32f4xx_hal_pcd.o
 .debug_loc     0x0000a540     0x2ac8 build/stm32f4xx_ll_usb.o
 .debug_loc     0x0000d008       0xbd build/system_stm32f4xx.o

.debug_aranges  0x00000000      0xba0
 .debug_aranges
                0x00000000       0x50 build/main.o
 .debug_aranges
                0x00000050       0x60 build/stm32f4xx_it.o
 .debug_aranges
                0x000000b0       0x50 build/stm32f4xx_hal_msp.o
 .debug_aranges
                0x00000100       0x88 build/stm32f4xx_hal_rcc.o
 .debug_aranges
                0x00000188       0x58 build/stm32f4xx_hal_gpio.o
 .debug_aranges
                0x000001e0       0xf8 build/stm32f4xx_hal_cortex.o
 .debug_aranges
                0x000002d8      0x100 build/stm32f4xx_hal.o
 .debug_aranges
                0x000003d8      0x1e8 build/stm32f4xx_hal_eth.o
 .debug_aranges
                0x000005c0      0x208 build/stm32f4xx_hal_uart.o
 .debug_aranges
                0x000007c8      0x148 build/stm32f4xx_hal_pcd.o
 .debug_aranges
                0x00000910      0x1a0 build/stm32f4xx_ll_usb.o
 .debug_aranges
                0x00000ab0       0x28 build/system_stm32f4xx.o
 .debug_aranges
                0x00000ad8       0x28 build/startup_stm32f439xx.o
 .debug_aranges
                0x00000b00       0x20 /usr/lib/gcc/arm-none-eabi/13.2.1/../../../arm-none-eabi/lib/thumb/v7e-m+fp/hard/libc_nano.a(libc_a-init.o)
 .debug_aranges
                0x00000b20       0x20 /usr/lib/gcc/arm-none-eabi/13.2.1/../../../arm-none-eabi/lib/thumb/v7e-m+fp/hard/libc_nano.a(libc_a-memset.o)
 .debug_aranges
                0x00000b40       0x20 /usr/lib/gcc/arm-none-eabi/13.2.1/thumb/v7e-m+fp/hard/libgcc.a(_aeabi_uldivmod.o)
 .debug_aranges
                0x00000b60       0x20 /usr/lib/gcc/arm-none-eabi/13.2.1/thumb/v7e-m+fp/hard/libgcc.a(_udivmoddi4.o)
 .debug_aranges
                0x00000b80       0x20 /usr/lib/gcc/arm-none-eabi/13.2.1/thumb/v7e-m+fp/hard/libgcc.a(_dvmd_tls.o)

.debug_ranges   0x00000000      0xa50
 .debug_ranges  0x00000000       0x40 build/main.o
 .debug_ranges  0x00000040       0x50 build/stm32f4xx_it.o
 .debug_ranges  0x00000090       0x40 build/stm32f4xx_hal_msp.o
 .debug_ranges  0x000000d0       0x90 build/stm32f4xx_hal_rcc.o
 .debug_ranges  0x00000160       0x48 build/stm32f4xx_hal_gpio.o
 .debug_ranges  0x000001a8       0xe8 build/stm32f4xx_hal_cortex.o
 .debug_ranges  0x00000290       0xf0 build/stm32f4xx_hal.o
 .debug_ranges  0x00000380      0x1d8 build/stm32f4xx_hal_eth.o
 .debug_ranges  0x00000558      0x1f8 build/stm32f4xx_hal_uart.o
 .debug_ranges  0x00000750      0x138 build/stm32f4xx_hal_pcd.o
 .debug_ranges  0x00000888      0x190 build/stm32f4xx_ll_usb.o
 .debug_ranges  0x00000a18       0x18 build/system_stm32f4xx.o
 .debug_ranges  0x00000a30       0x20 build/startup_stm32f439xx.o

.debug_line     0x00000000     0xb8ac
 .debug_line    0x00000000      0x56d build/main.o
 .debug_line    0x0000056d      0x13d build/stm32f4xx_it.o
 .debug_line    0x000006aa      0x422 build/stm32f4xx_hal_msp.o
 .debug_line    0x00000acc      0xb39 build/stm32f4xx_hal_rcc.o
 .debug_line    0x00001605      0x698 build/stm32f4xx_hal_gpio.o
 .debug_line    0x00001c9d      0x7a5 build/stm32f4xx_hal_cortex.o
 .debug_line    0x00002442      0x51a build/stm32f4xx_hal.o
 .debug_line    0x0000295c     0x1cee build/stm32f4xx_hal_eth.o
 .debug_line    0x0000464a     0x348b build/stm32f4xx_hal_uart.o
 .debug_line    0x00007ad5     0x13d5 build/stm32f4xx_hal_pcd.o
 .debug_line    0x00008eaa     0x1ee6 build/stm32f4xx_ll_usb.o
 .debug_line    0x0000ad90      0x1c9 build/system_stm32f4xx.o
 .debug_line    0x0000af59       0x73 build/startup_stm32f439xx.o
 .debug_line    0x0000afcc      0x11e /usr/lib/gcc/arm-none-eabi/13.2.1/../../../arm-none-eabi/lib/thumb/v7e-m+fp/hard/libc_nano.a(libc_a-init.o)
 .debug_line    0x0000b0ea      0x1b6 /usr/lib/gcc/arm-none-eabi/13.2.1/../../../arm-none-eabi/lib/thumb/v7e-m+fp/hard/libc_nano.a(libc_a-memset.o)
 .debug_line    0x0000b2a0       0x4e /usr/lib/gcc/arm-none-eabi/13.2.1/thumb/v7e-m+fp/hard/libgcc.a(_aeabi_uldivmod.o)
 .debug_line    0x0000b2ee      0x574 /usr/lib/gcc/arm-none-eabi/13.2.1/thumb/v7e-m+fp/hard/libgcc.a(_udivmoddi4.o)
 .debug_line    0x0000b862       0x4a /usr/lib/gcc/arm-none-eabi/13.2.1/thumb/v7e-m+fp/hard/libgcc.a(_dvmd_tls.o)

.debug_str      0x00000000     0x4c7d
 .debug_str     0x00000000     0x4c7d build/main.o
                               0x13ae (size before relaxing)
 .debug_str     0x00004c7d      0x20a build/stm32f4xx_it.o
 .debug_str     0x00004c7d     0x108f build/stm32f4xx_hal_msp.o
 .debug_str     0x00004c7d      0x6c9 build/stm32f4xx_hal_rcc.o
 .debug_str     0x00004c7d      0x4ae build/stm32f4xx_hal_gpio.o
 .debug_str     0x00004c7d      0xc9f build/stm32f4xx_hal_cortex.o
 .debug_str     0x00004c7d      0xbf0 build/stm32f4xx_hal.o
 .debug_str     0x00004c7d     0x169b build/stm32f4xx_hal_eth.o
 .debug_str     0x00004c7d      0xd4b build/stm32f4xx_hal_uart.o
 .debug_str     0x00004c7d      0xdc0 build/stm32f4xx_hal_pcd.o
 .debug_str     0x00004c7d      0xce9 build/stm32f4xx_ll_usb.o
 .debug_str     0x00004c7d      0x34e build/system_stm32f4xx.o
 .debug_str     0x00004c7d       0x5b build/startup_stm32f439xx.o
 .debug_str     0x00004c7d      0x1fa /usr/lib/gcc/arm-none-eabi/13.2.1/../../../arm-none-eabi/lib/thumb/v7e-m+fp/hard/libc_nano.a(libc_a-init.o)
 .debug_str     0x00004c7d      0x1ad /usr/lib/gcc/arm-none-eabi/13.2.1/../../../arm-none-eabi/lib/thumb/v7e-m+fp/hard/libc_nano.a(libc_a-memset.o)
 .debug_str     0x00004c7d       0xa3 /usr/lib/gcc/arm-none-eabi/13.2.1/thumb/v7e-m+fp/hard/libgcc.a(_aeabi_uldivmod.o)
 .debug_str     0x00004c7d      0x685 /usr/lib/gcc/arm-none-eabi/13.2.1/thumb/v7e-m+fp/hard/libgcc.a(_udivmoddi4.o)
 .debug_str     0x00004c7d       0xc3 /usr/lib/gcc/arm-none-eabi/13.2.1/thumb/v7e-m+fp/hard/libgcc.a(_dvmd_tls.o)

.debug_frame    0x00000000     0x1cf4
 .debug_frame   0x00000000       0xc4 build/main.o
 .debug_frame   0x000000c4       0xa8 build/stm32f4xx_it.o
 .debug_frame   0x0000016c       0xdc build/stm32f4xx_hal_msp.o
 .debug_frame   0x00000248      0x16c build/stm32f4xx_hal_rcc.o
 .debug_frame   0x000003b4       0xd8 build/stm32f4xx_hal_gpio.o
 .debug_frame   0x0000048c      0x214 build/stm32f4xx_hal_cortex.o
 .debug_frame   0x000006a0      0x20c build/stm32f4xx_hal.o
 .debug_frame   0x000008ac      0x564 build/stm32f4xx_hal_eth.o
 .debug_frame   0x00000e10      0x5e0 build/stm32f4xx_hal_uart.o
 .debug_frame   0x000013f0      0x388 build/stm32f4xx_hal_pcd.o
 .debug_frame   0x00001778      0x494 build/stm32f4xx_ll_usb.o
 .debug_frame   0x00001c0c       0x30 build/system_stm32f4xx.o
 .debug_frame   0x00001c3c       0x2c /usr/lib/gcc/arm-none-eabi/13.2.1/../../../arm-none-eabi/lib/thumb/v7e-m+fp/hard/libc_nano.a(libc_a-init.o)
 .debug_frame   0x00001c68       0x2c /usr/lib/gcc/arm-none-eabi/13.2.1/../../../arm-none-eabi/lib/thumb/v7e-m+fp/hard/libc_nano.a(libc_a-memset.o)
 .debug_frame   0x00001c94       0x2c /usr/lib/gcc/arm-none-eabi/13.2.1/thumb/v7e-m+fp/hard/libgcc.a(_aeabi_uldivmod.o)
 .debug_frame   0x00001cc0       0x34 /usr/lib/gcc/arm-none-eabi/13.2.1/thumb/v7e-m+fp/hard/libgcc.a(_udivmoddi4.o)

.debug_loclists
                0x00000000      0xc0b
 .debug_loclists
                0x00000000       0x65 /usr/lib/gcc/arm-none-eabi/13.2.1/../../../arm-none-eabi/lib/thumb/v7e-m+fp/hard/libc_nano.a(libc_a-init.o)
 .debug_loclists
                0x00000065      0x1c2 /usr/lib/gcc/arm-none-eabi/13.2.1/../../../arm-none-eabi/lib/thumb/v7e-m+fp/hard/libc_nano.a(libc_a-memset.o)
 .debug_loclists
                0x00000227      0x9e4 /usr/lib/gcc/arm-none-eabi/13.2.1/thumb/v7e-m+fp/hard/libgcc.a(_udivmoddi4.o)

.debug_line_str
                0x00000000       0xa3
 .debug_line_str
                0x00000000       0xa3 /usr/lib/gcc/arm-none-eabi/13.2.1/thumb/v7e-m+fp/hard/libgcc.a(_aeabi_uldivmod.o)
                                 0x97 (size before relaxing)
 .debug_line_str
                0x000000a3       0x9b /usr/lib/gcc/arm-none-eabi/13.2.1/thumb/v7e-m+fp/hard/libgcc.a(_dvmd_tls.o)

.debug_rnglists
                0x00000000       0x84
 .debug_rnglists
                0x00000000       0x84 /usr/lib/gcc/arm-none-eabi/13.2.1/thumb/v7e-m+fp/hard/libgcc.a(_udivmoddi4.o)

Cross Reference Table

Symbol                                            File
ADC_IRQHandler                                    build/startup_stm32f439xx.o
AHBPrescTable                                     build/system_stm32f4xx.o
                                                  build/stm32f4xx_hal_rcc.o
APBPrescTable                                     build/system_stm32f4xx.o
                                                  build/stm32f4xx_hal_rcc.o
BusFault_Handler                                  build/stm32f4xx_it.o
CAN1_RX0_IRQHandler                               build/startup_stm32f439xx.o
CAN1_RX1_IRQHandler                               build/startup_stm32f439xx.o
CAN1_SCE_IRQHandler                               build/startup_stm32f439xx.o
CAN1_TX_IRQHandler                                build/startup_stm32f439xx.o
CAN2_RX0_IRQHandler                               build/startup_stm32f439xx.o
CAN2_RX1_IRQHandler                               build/startup_stm32f439xx.o
CAN2_SCE_IRQHandler                               build/startup_stm32f439xx.o
CAN2_TX_IRQHandler                                build/startup_stm32f439xx.o
CRYP_IRQHandler                                   build/startup_stm32f439xx.o
DCMI_IRQHandler                                   build/startup_stm32f439xx.o
DMA1_Stream0_IRQHandler                           build/startup_stm32f439xx.o
DMA1_Stream1_IRQHandler                           build/startup_stm32f439xx.o
DMA1_Stream2_IRQHandler                           build/startup_stm32f439xx.o
DMA1_Stream3_IRQHandler                           build/startup_stm32f439xx.o
DMA1_Stream4_IRQHandler                           build/startup_stm32f439xx.o
DMA1_Stream5_IRQHandler                           build/startup_stm32f439xx.o
DMA1_Stream6_IRQHandler                           build/startup_stm32f439xx.o
DMA1_Stream7_IRQHandler                           build/startup_stm32f439xx.o
DMA2D_IRQHandler                                  build/startup_stm32f439xx.o
DMA2_Stream0_IRQHandler                           build/startup_stm32f439xx.o
DMA2_Stream1_IRQHandler                           build/startup_stm32f439xx.o
DMA2_Stream2_IRQHandler                           build/startup_stm32f439xx.o
DMA2_Stream3_IRQHandler                           build/startup_stm32f439xx.o
DMA2_Stream4_IRQHandler                           build/startup_stm32f439xx.o
DMA2_Stream5_IRQHandler                           build/startup_stm32f439xx.o
DMA2_Stream6_IRQHandler                           build/startup_stm32f439xx.o
DMA2_Stream7_IRQHandler                           build/startup_stm32f439xx.o
DMARxDscrTab                                      build/main.o
DMATxDscrTab                                      build/main.o
DebugMon_Handler                                  build/stm32f4xx_it.o
Default_Handler                                   build/startup_stm32f439xx.o
ETH_IRQHandler                                    build/startup_stm32f439xx.o
ETH_WKUP_IRQHandler                               build/startup_stm32f439xx.o
EXTI0_IRQHandler                                  build/startup_stm32f439xx.o
EXTI15_10_IRQHandler                              build/startup_stm32f439xx.o
EXTI1_IRQHandler                                  build/startup_stm32f439xx.o
EXTI2_IRQHandler                                  build/startup_stm32f439xx.o
EXTI3_IRQHandler                                  build/startup_stm32f439xx.o
EXTI4_IRQHandler                                  build/startup_stm32f439xx.o
EXTI9_5_IRQHandler                                build/startup_stm32f439xx.o
Error_Handler                                     build/main.o
FLASH_Erase_Sector                                build/stm32f4xx_hal_flash_ex.o
                                                  build/stm32f4xx_hal_flash.o
FLASH_FlushCaches                                 build/stm32f4xx_hal_flash_ex.o
                                                  build/stm32f4xx_hal_flash.o
FLASH_IRQHandler                                  build/startup_stm32f439xx.o
FLASH_WaitForLastOperation                        build/stm32f4xx_hal_flash.o
                                                  build/stm32f4xx_hal_flash_ex.o
FMC_IRQHandler                                    build/startup_stm32f439xx.o
FPU_IRQHandler                                    build/startup_stm32f439xx.o
HAL_CORTEX_ClearEvent                             build/stm32f4xx_hal_cortex.o
HAL_DBGMCU_DisableDBGSleepMode                    build/stm32f4xx_hal.o
HAL_DBGMCU_DisableDBGStandbyMode                  build/stm32f4xx_hal.o
HAL_DBGMCU_DisableDBGStopMode                     build/stm32f4xx_hal.o
HAL_DBGMCU_EnableDBGSleepMode                     build/stm32f4xx_hal.o
HAL_DBGMCU_EnableDBGStandbyMode                   build/stm32f4xx_hal.o
HAL_DBGMCU_EnableDBGStopMode                      build/stm32f4xx_hal.o
HAL_DMAEx_ChangeMemory                            build/stm32f4xx_hal_dma_ex.o
HAL_DMAEx_MultiBufferStart                        build/stm32f4xx_hal_dma_ex.o
HAL_DMAEx_MultiBufferStart_IT                     build/stm32f4xx_hal_dma_ex.o
HAL_DMA_Abort                                     build/stm32f4xx_hal_dma.o
                                                  build/stm32f4xx_hal_uart.o
HAL_DMA_Abort_IT                                  build/stm32f4xx_hal_dma.o
                                                  build/stm32f4xx_hal_uart.o
HAL_DMA_DeInit                                    build/stm32f4xx_hal_dma.o
HAL_DMA_GetError                                  build/stm32f4xx_hal_dma.o
                                                  build/stm32f4xx_hal_uart.o
HAL_DMA_GetState                                  build/stm32f4xx_hal_dma.o
HAL_DMA_IRQHandler                                build/stm32f4xx_hal_dma.o
HAL_DMA_Init                                      build/stm32f4xx_hal_dma.o
HAL_DMA_PollForTransfer                           build/stm32f4xx_hal_dma.o
HAL_DMA_RegisterCallback                          build/stm32f4xx_hal_dma.o
HAL_DMA_Start                                     build/stm32f4xx_hal_dma.o
HAL_DMA_Start_IT                                  build/stm32f4xx_hal_dma.o
                                                  build/stm32f4xx_hal_uart.o
HAL_DMA_UnRegisterCallback                        build/stm32f4xx_hal_dma.o
HAL_DeInit                                        build/stm32f4xx_hal.o
HAL_Delay                                         build/stm32f4xx_hal.o
                                                  build/stm32f4xx_ll_usb.o
                                                  build/stm32f4xx_hal_eth.o
                                                  build/main.o
HAL_DisableCompensationCell                       build/stm32f4xx_hal.o
HAL_DisableMemorySwappingBank                     build/stm32f4xx_hal.o
HAL_ETH_DeInit                                    build/stm32f4xx_hal_eth.o
HAL_ETH_EnterPowerDownMode                        build/stm32f4xx_hal_eth.o
HAL_ETH_ErrorCallback                             build/stm32f4xx_hal_eth.o
HAL_ETH_ExitPowerDownMode                         build/stm32f4xx_hal_eth.o
HAL_ETH_GetDMAConfig                              build/stm32f4xx_hal_eth.o
HAL_ETH_GetDMAError                               build/stm32f4xx_hal_eth.o
HAL_ETH_GetError                                  build/stm32f4xx_hal_eth.o
HAL_ETH_GetMACConfig                              build/stm32f4xx_hal_eth.o
HAL_ETH_GetMACError                               build/stm32f4xx_hal_eth.o
HAL_ETH_GetMACFilterConfig                        build/stm32f4xx_hal_eth.o
HAL_ETH_GetMACWakeUpSource                        build/stm32f4xx_hal_eth.o
HAL_ETH_GetRxDataErrorCode                        build/stm32f4xx_hal_eth.o
HAL_ETH_GetState                                  build/stm32f4xx_hal_eth.o
HAL_ETH_GetTxBuffersNumber                        build/stm32f4xx_hal_eth.o
HAL_ETH_IRQHandler                                build/stm32f4xx_hal_eth.o
HAL_ETH_Init                                      build/stm32f4xx_hal_eth.o
                                                  build/main.o
HAL_ETH_MspDeInit                                 build/stm32f4xx_hal_msp.o
HAL_ETH_MspInit                                   build/stm32f4xx_hal_msp.o
HAL_ETH_PMTCallback                               build/stm32f4xx_hal_eth.o
HAL_ETH_ReadData                                  build/stm32f4xx_hal_eth.o
HAL_ETH_ReadPHYRegister                           build/stm32f4xx_hal_eth.o
HAL_ETH_RegisterRxAllocateCallback                build/stm32f4xx_hal_eth.o
HAL_ETH_RegisterRxLinkCallback                    build/stm32f4xx_hal_eth.o
HAL_ETH_RegisterTxFreeCallback                    build/stm32f4xx_hal_eth.o
HAL_ETH_ReleaseTxPacket                           build/stm32f4xx_hal_eth.o
HAL_ETH_RxAllocateCallback                        build/stm32f4xx_hal_eth.o
HAL_ETH_RxCpltCallback                            build/stm32f4xx_hal_eth.o
HAL_ETH_RxLinkCallback                            build/stm32f4xx_hal_eth.o
HAL_ETH_SetDMAConfig                              build/stm32f4xx_hal_eth.o
HAL_ETH_SetHashTable                              build/stm32f4xx_hal_eth.o
HAL_ETH_SetMACConfig                              build/stm32f4xx_hal_eth.o
HAL_ETH_SetMACFilterConfig                        build/stm32f4xx_hal_eth.o
HAL_ETH_SetMDIOClockRange                         build/stm32f4xx_hal_eth.o
HAL_ETH_SetRxVLANIdentifier                       build/stm32f4xx_hal_eth.o
HAL_ETH_SetSourceMACAddrMatch                     build/stm32f4xx_hal_eth.o
HAL_ETH_SetWakeUpFilter                           build/stm32f4xx_hal_eth.o
HAL_ETH_Start                                     build/stm32f4xx_hal_eth.o
HAL_ETH_Start_IT                                  build/stm32f4xx_hal_eth.o
HAL_ETH_Stop                                      build/stm32f4xx_hal_eth.o
HAL_ETH_Stop_IT                                   build/stm32f4xx_hal_eth.o
HAL_ETH_Transmit                                  build/stm32f4xx_hal_eth.o
HAL_ETH_Transmit_IT                               build/stm32f4xx_hal_eth.o
HAL_ETH_TxCpltCallback                            build/stm32f4xx_hal_eth.o
HAL_ETH_TxFreeCallback                            build/stm32f4xx_hal_eth.o
HAL_ETH_UnRegisterRxAllocateCallback              build/stm32f4xx_hal_eth.o
HAL_ETH_UnRegisterRxLinkCallback                  build/stm32f4xx_hal_eth.o
HAL_ETH_UnRegisterTxFreeCallback                  build/stm32f4xx_hal_eth.o
HAL_ETH_WakeUpCallback                            build/stm32f4xx_hal_eth.o
HAL_ETH_WritePHYRegister                          build/stm32f4xx_hal_eth.o
HAL_EXTI_ClearConfigLine                          build/stm32f4xx_hal_exti.o
HAL_EXTI_ClearPending                             build/stm32f4xx_hal_exti.o
HAL_EXTI_GenerateSWI                              build/stm32f4xx_hal_exti.o
HAL_EXTI_GetConfigLine                            build/stm32f4xx_hal_exti.o
HAL_EXTI_GetHandle                                build/stm32f4xx_hal_exti.o
HAL_EXTI_GetPending                               build/stm32f4xx_hal_exti.o
HAL_EXTI_IRQHandler                               build/stm32f4xx_hal_exti.o
HAL_EXTI_RegisterCallback                         build/stm32f4xx_hal_exti.o
HAL_EXTI_SetConfigLine                            build/stm32f4xx_hal_exti.o
HAL_EnableCompensationCell                        build/stm32f4xx_hal.o
HAL_EnableMemorySwappingBank                      build/stm32f4xx_hal.o
HAL_FLASHEx_AdvOBGetConfig                        build/stm32f4xx_hal_flash_ex.o
HAL_FLASHEx_AdvOBProgram                          build/stm32f4xx_hal_flash_ex.o
HAL_FLASHEx_Erase                                 build/stm32f4xx_hal_flash_ex.o
HAL_FLASHEx_Erase_IT                              build/stm32f4xx_hal_flash_ex.o
HAL_FLASHEx_OBGetConfig                           build/stm32f4xx_hal_flash_ex.o
HAL_FLASHEx_OBProgram                             build/stm32f4xx_hal_flash_ex.o
HAL_FLASHEx_OB_DeSelectPCROP                      build/stm32f4xx_hal_flash_ex.o
HAL_FLASHEx_OB_GetBank2WRP                        build/stm32f4xx_hal_flash_ex.o
HAL_FLASHEx_OB_SelectPCROP                        build/stm32f4xx_hal_flash_ex.o
HAL_FLASH_EndOfOperationCallback                  build/stm32f4xx_hal_flash.o
HAL_FLASH_GetError                                build/stm32f4xx_hal_flash.o
HAL_FLASH_IRQHandler                              build/stm32f4xx_hal_flash.o
HAL_FLASH_Lock                                    build/stm32f4xx_hal_flash.o
HAL_FLASH_OB_Launch                               build/stm32f4xx_hal_flash.o
HAL_FLASH_OB_Lock                                 build/stm32f4xx_hal_flash.o
HAL_FLASH_OB_Unlock                               build/stm32f4xx_hal_flash.o
HAL_FLASH_OperationErrorCallback                  build/stm32f4xx_hal_flash.o
HAL_FLASH_Program                                 build/stm32f4xx_hal_flash.o
HAL_FLASH_Program_IT                              build/stm32f4xx_hal_flash.o
HAL_FLASH_Unlock                                  build/stm32f4xx_hal_flash.o
HAL_GPIO_DeInit                                   build/stm32f4xx_hal_gpio.o
                                                  build/stm32f4xx_hal_msp.o
HAL_GPIO_EXTI_Callback                            build/stm32f4xx_hal_gpio.o
HAL_GPIO_EXTI_IRQHandler                          build/stm32f4xx_hal_gpio.o
HAL_GPIO_Init                                     build/stm32f4xx_hal_gpio.o
                                                  build/stm32f4xx_hal_rcc.o
                                                  build/stm32f4xx_hal_msp.o
                                                  build/main.o
HAL_GPIO_LockPin                                  build/stm32f4xx_hal_gpio.o
HAL_GPIO_ReadPin                                  build/stm32f4xx_hal_gpio.o
HAL_GPIO_TogglePin                                build/stm32f4xx_hal_gpio.o
                                                  build/main.o
HAL_GPIO_WritePin                                 build/stm32f4xx_hal_gpio.o
                                                  build/main.o
HAL_GetDEVID                                      build/stm32f4xx_hal.o
HAL_GetHalVersion                                 build/stm32f4xx_hal.o
HAL_GetREVID                                      build/stm32f4xx_hal.o
HAL_GetTick                                       build/stm32f4xx_hal.o
                                                  build/stm32f4xx_hal_uart.o
                                                  build/stm32f4xx_hal_eth.o
                                                  build/stm32f4xx_hal_pwr_ex.o
                                                  build/stm32f4xx_hal_dma.o
                                                  build/stm32f4xx_hal_flash.o
                                                  build/stm32f4xx_hal_rcc_ex.o
                                                  build/stm32f4xx_hal_rcc.o
HAL_GetTickFreq                                   build/stm32f4xx_hal.o
HAL_GetTickPrio                                   build/stm32f4xx_hal.o
HAL_GetUIDw0                                      build/stm32f4xx_hal.o
HAL_GetUIDw1                                      build/stm32f4xx_hal.o
HAL_GetUIDw2                                      build/stm32f4xx_hal.o
HAL_HalfDuplex_EnableReceiver                     build/stm32f4xx_hal_uart.o
HAL_HalfDuplex_EnableTransmitter                  build/stm32f4xx_hal_uart.o
HAL_HalfDuplex_Init                               build/stm32f4xx_hal_uart.o
HAL_IncTick                                       build/stm32f4xx_hal.o
                                                  build/stm32f4xx_it.o
HAL_Init                                          build/stm32f4xx_hal.o
                                                  build/main.o
HAL_InitTick                                      build/stm32f4xx_hal.o
                                                  build/stm32f4xx_hal_rcc_ex.o
                                                  build/stm32f4xx_hal_rcc.o
HAL_LIN_Init                                      build/stm32f4xx_hal_uart.o
HAL_LIN_SendBreak                                 build/stm32f4xx_hal_uart.o
HAL_MPU_ConfigRegion                              build/stm32f4xx_hal_cortex.o
HAL_MPU_Disable                                   build/stm32f4xx_hal_cortex.o
HAL_MPU_DisableRegion                             build/stm32f4xx_hal_cortex.o
HAL_MPU_Enable                                    build/stm32f4xx_hal_cortex.o
HAL_MPU_EnableRegion                              build/stm32f4xx_hal_cortex.o
HAL_MspDeInit                                     build/stm32f4xx_hal.o
HAL_MspInit                                       build/stm32f4xx_hal_msp.o
HAL_MultiProcessor_EnterMuteMode                  build/stm32f4xx_hal_uart.o
HAL_MultiProcessor_ExitMuteMode                   build/stm32f4xx_hal_uart.o
HAL_MultiProcessor_Init                           build/stm32f4xx_hal_uart.o
HAL_NVIC_ClearPendingIRQ                          build/stm32f4xx_hal_cortex.o
HAL_NVIC_DisableIRQ                               build/stm32f4xx_hal_cortex.o
HAL_NVIC_EnableIRQ                                build/stm32f4xx_hal_cortex.o
HAL_NVIC_GetActive                                build/stm32f4xx_hal_cortex.o
HAL_NVIC_GetPendingIRQ                            build/stm32f4xx_hal_cortex.o
HAL_NVIC_GetPriority                              build/stm32f4xx_hal_cortex.o
HAL_NVIC_GetPriorityGrouping                      build/stm32f4xx_hal_cortex.o
HAL_NVIC_SetPendingIRQ                            build/stm32f4xx_hal_cortex.o
HAL_NVIC_SetPriority                              build/stm32f4xx_hal_cortex.o
                                                  build/stm32f4xx_hal.o
HAL_NVIC_SetPriorityGrouping                      build/stm32f4xx_hal_cortex.o
                                                  build/stm32f4xx_hal.o
HAL_NVIC_SystemReset                              build/stm32f4xx_hal_cortex.o
HAL_PCDEx_BCD_Callback                            build/stm32f4xx_hal_pcd_ex.o
HAL_PCDEx_LPM_Callback                            build/stm32f4xx_hal_pcd_ex.o
                                                  build/stm32f4xx_hal_pcd.o
HAL_PCDEx_SetRxFiFo                               build/stm32f4xx_hal_pcd_ex.o
HAL_PCDEx_SetTxFiFo                               build/stm32f4xx_hal_pcd_ex.o
HAL_PCD_ActivateRemoteWakeup                      build/stm32f4xx_hal_pcd.o
HAL_PCD_ConnectCallback                           build/stm32f4xx_hal_pcd.o
HAL_PCD_DataInStageCallback                       build/stm32f4xx_hal_pcd.o
HAL_PCD_DataOutStageCallback                      build/stm32f4xx_hal_pcd.o
HAL_PCD_DeActivateRemoteWakeup                    build/stm32f4xx_hal_pcd.o
HAL_PCD_DeInit                                    build/stm32f4xx_hal_pcd.o
HAL_PCD_DevConnect                                build/stm32f4xx_hal_pcd.o
HAL_PCD_DevDisconnect                             build/stm32f4xx_hal_pcd.o
HAL_PCD_DisconnectCallback                        build/stm32f4xx_hal_pcd.o
HAL_PCD_EP_Abort                                  build/stm32f4xx_hal_pcd.o
HAL_PCD_EP_Close                                  build/stm32f4xx_hal_pcd.o
HAL_PCD_EP_ClrStall                               build/stm32f4xx_hal_pcd.o
HAL_PCD_EP_Flush                                  build/stm32f4xx_hal_pcd.o
HAL_PCD_EP_GetRxCount                             build/stm32f4xx_hal_pcd.o
HAL_PCD_EP_Open                                   build/stm32f4xx_hal_pcd.o
HAL_PCD_EP_Receive                                build/stm32f4xx_hal_pcd.o
HAL_PCD_EP_SetStall                               build/stm32f4xx_hal_pcd.o
HAL_PCD_EP_Transmit                               build/stm32f4xx_hal_pcd.o
HAL_PCD_GetState                                  build/stm32f4xx_hal_pcd.o
HAL_PCD_IRQHandler                                build/stm32f4xx_hal_pcd.o
HAL_PCD_ISOINIncompleteCallback                   build/stm32f4xx_hal_pcd.o
HAL_PCD_ISOOUTIncompleteCallback                  build/stm32f4xx_hal_pcd.o
HAL_PCD_Init                                      build/stm32f4xx_hal_pcd.o
                                                  build/main.o
HAL_PCD_MspDeInit                                 build/stm32f4xx_hal_msp.o
HAL_PCD_MspInit                                   build/stm32f4xx_hal_msp.o
HAL_PCD_ResetCallback                             build/stm32f4xx_hal_pcd.o
HAL_PCD_ResumeCallback                            build/stm32f4xx_hal_pcd.o
HAL_PCD_SOFCallback                               build/stm32f4xx_hal_pcd.o
HAL_PCD_SetAddress                                build/stm32f4xx_hal_pcd.o
HAL_PCD_SetTestMode                               build/stm32f4xx_hal_pcd.o
HAL_PCD_SetupStageCallback                        build/stm32f4xx_hal_pcd.o
HAL_PCD_Start                                     build/stm32f4xx_hal_pcd.o
HAL_PCD_Stop                                      build/stm32f4xx_hal_pcd.o
HAL_PCD_SuspendCallback                           build/stm32f4xx_hal_pcd.o
HAL_PCD_WKUP_IRQHandler                           build/stm32f4xx_hal_pcd.o
HAL_PWREx_ControlVoltageScaling                   build/stm32f4xx_hal_pwr_ex.o
HAL_PWREx_DisableBkUpReg                          build/stm32f4xx_hal_pwr_ex.o
HAL_PWREx_DisableFlashPowerDown                   build/stm32f4xx_hal_pwr_ex.o
HAL_PWREx_DisableOverDrive                        build/stm32f4xx_hal_pwr_ex.o
HAL_PWREx_EnableBkUpReg                           build/stm32f4xx_hal_pwr_ex.o
HAL_PWREx_EnableFlashPowerDown                    build/stm32f4xx_hal_pwr_ex.o
HAL_PWREx_EnableOverDrive                         build/stm32f4xx_hal_pwr_ex.o
HAL_PWREx_EnterUnderDriveSTOPMode                 build/stm32f4xx_hal_pwr_ex.o
HAL_PWREx_GetVoltageRange                         build/stm32f4xx_hal_pwr_ex.o
HAL_PWR_ConfigPVD                                 build/stm32f4xx_hal_pwr.o
HAL_PWR_DeInit                                    build/stm32f4xx_hal_pwr.o
HAL_PWR_DisableBkUpAccess                         build/stm32f4xx_hal_pwr.o
HAL_PWR_DisablePVD                                build/stm32f4xx_hal_pwr.o
HAL_PWR_DisableSEVOnPend                          build/stm32f4xx_hal_pwr.o
HAL_PWR_DisableSleepOnExit                        build/stm32f4xx_hal_pwr.o
HAL_PWR_DisableWakeUpPin                          build/stm32f4xx_hal_pwr.o
HAL_PWR_EnableBkUpAccess                          build/stm32f4xx_hal_pwr.o
HAL_PWR_EnablePVD                                 build/stm32f4xx_hal_pwr.o
HAL_PWR_EnableSEVOnPend                           build/stm32f4xx_hal_pwr.o
HAL_PWR_EnableSleepOnExit                         build/stm32f4xx_hal_pwr.o
HAL_PWR_EnableWakeUpPin                           build/stm32f4xx_hal_pwr.o
HAL_PWR_EnterSLEEPMode                            build/stm32f4xx_hal_pwr.o
HAL_PWR_EnterSTANDBYMode                          build/stm32f4xx_hal_pwr.o
HAL_PWR_EnterSTOPMode                             build/stm32f4xx_hal_pwr.o
HAL_PWR_PVDCallback                               build/stm32f4xx_hal_pwr.o
HAL_PWR_PVD_IRQHandler                            build/stm32f4xx_hal_pwr.o
HAL_RCCEx_DisablePLLI2S                           build/stm32f4xx_hal_rcc_ex.o
HAL_RCCEx_DisablePLLSAI                           build/stm32f4xx_hal_rcc_ex.o
HAL_RCCEx_EnablePLLI2S                            build/stm32f4xx_hal_rcc_ex.o
HAL_RCCEx_EnablePLLSAI                            build/stm32f4xx_hal_rcc_ex.o
HAL_RCCEx_GetPeriphCLKConfig                      build/stm32f4xx_hal_rcc_ex.o
HAL_RCCEx_GetPeriphCLKFreq                        build/stm32f4xx_hal_rcc_ex.o
HAL_RCCEx_PeriphCLKConfig                         build/stm32f4xx_hal_rcc_ex.o
HAL_RCC_CSSCallback                               build/stm32f4xx_hal_rcc.o
HAL_RCC_ClockConfig                               build/stm32f4xx_hal_rcc.o
                                                  build/main.o
HAL_RCC_DeInit                                    build/stm32f4xx_hal_rcc_ex.o
                                                  build/stm32f4xx_hal_rcc.o
HAL_RCC_DisableCSS                                build/stm32f4xx_hal_rcc.o
HAL_RCC_EnableCSS                                 build/stm32f4xx_hal_rcc.o
HAL_RCC_GetClockConfig                            build/stm32f4xx_hal_rcc.o
HAL_RCC_GetHCLKFreq                               build/stm32f4xx_hal_rcc.o
                                                  build/stm32f4xx_hal_pcd.o
                                                  build/stm32f4xx_hal_eth.o
HAL_RCC_GetOscConfig                              build/stm32f4xx_hal_rcc.o
HAL_RCC_GetPCLK1Freq                              build/stm32f4xx_hal_rcc.o
                                                  build/stm32f4xx_hal_uart.o
HAL_RCC_GetPCLK2Freq                              build/stm32f4xx_hal_rcc.o
                                                  build/stm32f4xx_hal_uart.o
HAL_RCC_GetSysClockFreq                           build/stm32f4xx_hal_rcc.o
HAL_RCC_MCOConfig                                 build/stm32f4xx_hal_rcc.o
HAL_RCC_NMI_IRQHandler                            build/stm32f4xx_hal_rcc.o
HAL_RCC_OscConfig                                 build/stm32f4xx_hal_rcc.o
                                                  build/main.o
HAL_ResumeTick                                    build/stm32f4xx_hal.o
HAL_SYSTICK_CLKSourceConfig                       build/stm32f4xx_hal_cortex.o
HAL_SYSTICK_Callback                              build/stm32f4xx_hal_cortex.o
HAL_SYSTICK_Config                                build/stm32f4xx_hal_cortex.o
                                                  build/stm32f4xx_hal.o
HAL_SYSTICK_IRQHandler                            build/stm32f4xx_hal_cortex.o
HAL_SetTickFreq                                   build/stm32f4xx_hal.o
HAL_SuspendTick                                   build/stm32f4xx_hal.o
HAL_UARTEx_GetRxEventType                         build/stm32f4xx_hal_uart.o
HAL_UARTEx_ReceiveToIdle                          build/stm32f4xx_hal_uart.o
HAL_UARTEx_ReceiveToIdle_DMA                      build/stm32f4xx_hal_uart.o
HAL_UARTEx_ReceiveToIdle_IT                       build/stm32f4xx_hal_uart.o
HAL_UARTEx_RxEventCallback                        build/stm32f4xx_hal_uart.o
HAL_UART_Abort                                    build/stm32f4xx_hal_uart.o
HAL_UART_AbortCpltCallback                        build/stm32f4xx_hal_uart.o
HAL_UART_AbortReceive                             build/stm32f4xx_hal_uart.o
HAL_UART_AbortReceiveCpltCallback                 build/stm32f4xx_hal_uart.o
HAL_UART_AbortReceive_IT                          build/stm32f4xx_hal_uart.o
HAL_UART_AbortTransmit                            build/stm32f4xx_hal_uart.o
HAL_UART_AbortTransmitCpltCallback                build/stm32f4xx_hal_uart.o
HAL_UART_AbortTransmit_IT                         build/stm32f4xx_hal_uart.o
HAL_UART_Abort_IT                                 build/stm32f4xx_hal_uart.o
HAL_UART_DMAPause                                 build/stm32f4xx_hal_uart.o
HAL_UART_DMAResume                                build/stm32f4xx_hal_uart.o
HAL_UART_DMAStop                                  build/stm32f4xx_hal_uart.o
HAL_UART_DeInit                                   build/stm32f4xx_hal_uart.o
HAL_UART_ErrorCallback                            build/stm32f4xx_hal_uart.o
HAL_UART_GetError                                 build/stm32f4xx_hal_uart.o
HAL_UART_GetState                                 build/stm32f4xx_hal_uart.o
HAL_UART_IRQHandler                               build/stm32f4xx_hal_uart.o
HAL_UART_Init                                     build/stm32f4xx_hal_uart.o
                                                  build/main.o
HAL_UART_MspDeInit                                build/stm32f4xx_hal_msp.o
HAL_UART_MspInit                                  build/stm32f4xx_hal_msp.o
HAL_UART_Receive                                  build/stm32f4xx_hal_uart.o
HAL_UART_Receive_DMA                              build/stm32f4xx_hal_uart.o
HAL_UART_Receive_IT                               build/stm32f4xx_hal_uart.o
HAL_UART_RxCpltCallback                           build/stm32f4xx_hal_uart.o
HAL_UART_RxHalfCpltCallback                       build/stm32f4xx_hal_uart.o
HAL_UART_Transmit                                 build/stm32f4xx_hal_uart.o
HAL_UART_Transmit_DMA                             build/stm32f4xx_hal_uart.o
HAL_UART_Transmit_IT                              build/stm32f4xx_hal_uart.o
HAL_UART_TxCpltCallback                           build/stm32f4xx_hal_uart.o
HAL_UART_TxHalfCpltCallback                       build/stm32f4xx_hal_uart.o
HASH_RNG_IRQHandler                               build/startup_stm32f439xx.o
HardFault_Handler                                 build/stm32f4xx_it.o
I2C1_ER_IRQHandler                                build/startup_stm32f439xx.o
I2C1_EV_IRQHandler                                build/startup_stm32f439xx.o
I2C2_ER_IRQHandler                                build/startup_stm32f439xx.o
I2C2_EV_IRQHandler                                build/startup_stm32f439xx.o
I2C3_ER_IRQHandler                                build/startup_stm32f439xx.o
I2C3_EV_IRQHandler                                build/startup_stm32f439xx.o
LTDC_ER_IRQHandler                                build/startup_stm32f439xx.o
LTDC_IRQHandler                                   build/startup_stm32f439xx.o
MemManage_Handler                                 build/stm32f4xx_it.o
NMI_Handler                                       build/stm32f4xx_it.o
OTG_FS_IRQHandler                                 build/startup_stm32f439xx.o
OTG_FS_WKUP_IRQHandler                            build/startup_stm32f439xx.o
OTG_HS_EP1_IN_IRQHandler                          build/startup_stm32f439xx.o
OTG_HS_EP1_OUT_IRQHandler                         build/startup_stm32f439xx.o
OTG_HS_IRQHandler                                 build/startup_stm32f439xx.o
OTG_HS_WKUP_IRQHandler                            build/startup_stm32f439xx.o
PVD_IRQHandler                                    build/startup_stm32f439xx.o
PendSV_Handler                                    build/stm32f4xx_it.o
RCC_IRQHandler                                    build/startup_stm32f439xx.o
RTC_Alarm_IRQHandler                              build/startup_stm32f439xx.o
RTC_WKUP_IRQHandler                               build/startup_stm32f439xx.o
Reset_Handler                                     build/startup_stm32f439xx.o
SAI1_IRQHandler                                   build/startup_stm32f439xx.o
SDIO_IRQHandler                                   build/startup_stm32f439xx.o
SPI1_IRQHandler                                   build/startup_stm32f439xx.o
SPI2_IRQHandler                                   build/startup_stm32f439xx.o
SPI3_IRQHandler                                   build/startup_stm32f439xx.o
SPI4_IRQHandler                                   build/startup_stm32f439xx.o
SPI5_IRQHandler                                   build/startup_stm32f439xx.o
SPI6_IRQHandler                                   build/startup_stm32f439xx.o
SVC_Handler                                       build/stm32f4xx_it.o
SysTick_Handler                                   build/stm32f4xx_it.o
SystemClock_Config                                build/main.o
SystemCoreClock                                   build/system_stm32f4xx.o
                                                  build/stm32f4xx_hal.o
                                                  build/stm32f4xx_hal_dma.o
                                                  build/stm32f4xx_hal_rcc_ex.o
                                                  build/stm32f4xx_hal_rcc.o
SystemCoreClockUpdate                             build/system_stm32f4xx.o
SystemInit                                        build/system_stm32f4xx.o
                                                  build/startup_stm32f439xx.o
TAMP_STAMP_IRQHandler                             build/startup_stm32f439xx.o
TIM1_BRK_TIM9_IRQHandler                          build/startup_stm32f439xx.o
TIM1_CC_IRQHandler                                build/startup_stm32f439xx.o
TIM1_TRG_COM_TIM11_IRQHandler                     build/startup_stm32f439xx.o
TIM1_UP_TIM10_IRQHandler                          build/startup_stm32f439xx.o
TIM2_IRQHandler                                   build/startup_stm32f439xx.o
TIM3_IRQHandler                                   build/startup_stm32f439xx.o
TIM4_IRQHandler                                   build/startup_stm32f439xx.o
TIM5_IRQHandler                                   build/startup_stm32f439xx.o
TIM6_DAC_IRQHandler                               build/startup_stm32f439xx.o
TIM7_IRQHandler                                   build/startup_stm32f439xx.o
TIM8_BRK_TIM12_IRQHandler                         build/startup_stm32f439xx.o
TIM8_CC_IRQHandler                                build/startup_stm32f439xx.o
TIM8_TRG_COM_TIM14_IRQHandler                     build/startup_stm32f439xx.o
TIM8_UP_TIM13_IRQHandler                          build/startup_stm32f439xx.o
TxConfig                                          build/main.o
UART4_IRQHandler                                  build/startup_stm32f439xx.o
UART5_IRQHandler                                  build/startup_stm32f439xx.o
UART7_IRQHandler                                  build/startup_stm32f439xx.o
UART8_IRQHandler                                  build/startup_stm32f439xx.o
UART_Start_Receive_DMA                            build/stm32f4xx_hal_uart.o
UART_Start_Receive_IT                             build/stm32f4xx_hal_uart.o
USART1_IRQHandler                                 build/startup_stm32f439xx.o
USART2_IRQHandler                                 build/startup_stm32f439xx.o
USART3_IRQHandler                                 build/startup_stm32f439xx.o
USART6_IRQHandler                                 build/startup_stm32f439xx.o
USB_ActivateDedicatedEndpoint                     build/stm32f4xx_ll_usb.o
USB_ActivateEndpoint                              build/stm32f4xx_ll_usb.o
                                                  build/stm32f4xx_hal_pcd.o
USB_ActivateRemoteWakeup                          build/stm32f4xx_ll_usb.o
                                                  build/stm32f4xx_hal_pcd.o
USB_ActivateSetup                                 build/stm32f4xx_ll_usb.o
                                                  build/stm32f4xx_hal_pcd.o
USB_ClearInterrupts                               build/stm32f4xx_ll_usb.o
USB_CoreInit                                      build/stm32f4xx_ll_usb.o
                                                  build/stm32f4xx_hal_pcd.o
USB_DeActivateRemoteWakeup                        build/stm32f4xx_ll_usb.o
                                                  build/stm32f4xx_hal_pcd.o
USB_DeactivateDedicatedEndpoint                   build/stm32f4xx_ll_usb.o
USB_DeactivateEndpoint                            build/stm32f4xx_ll_usb.o
                                                  build/stm32f4xx_hal_pcd.o
USB_DevConnect                                    build/stm32f4xx_ll_usb.o
                                                  build/stm32f4xx_hal_pcd.o
USB_DevDisconnect                                 build/stm32f4xx_ll_usb.o
                                                  build/stm32f4xx_hal_pcd.o
USB_DevInit                                       build/stm32f4xx_ll_usb.o
                                                  build/stm32f4xx_hal_pcd.o
USB_DisableGlobalInt                              build/stm32f4xx_ll_usb.o
                                                  build/stm32f4xx_hal_pcd.o
USB_DoPing                                        build/stm32f4xx_ll_usb.o
USB_DriveVbus                                     build/stm32f4xx_ll_usb.o
USB_EP0_OutStart                                  build/stm32f4xx_ll_usb.o
                                                  build/stm32f4xx_hal_pcd.o
USB_EPClearStall                                  build/stm32f4xx_ll_usb.o
                                                  build/stm32f4xx_hal_pcd.o
USB_EPSetStall                                    build/stm32f4xx_ll_usb.o
                                                  build/stm32f4xx_hal_pcd.o
USB_EPStartXfer                                   build/stm32f4xx_ll_usb.o
                                                  build/stm32f4xx_hal_pcd.o
USB_EPStopXfer                                    build/stm32f4xx_ll_usb.o
                                                  build/stm32f4xx_hal_pcd.o
USB_EnableGlobalInt                               build/stm32f4xx_ll_usb.o
                                                  build/stm32f4xx_hal_pcd.o
USB_FlushRxFifo                                   build/stm32f4xx_ll_usb.o
                                                  build/stm32f4xx_hal_pcd.o
USB_FlushTxFifo                                   build/stm32f4xx_ll_usb.o
                                                  build/stm32f4xx_hal_pcd.o
USB_GetCurrentFrame                               build/stm32f4xx_ll_usb.o
USB_GetDevSpeed                                   build/stm32f4xx_ll_usb.o
                                                  build/stm32f4xx_hal_pcd.o
USB_GetHostSpeed                                  build/stm32f4xx_ll_usb.o
USB_GetMode                                       build/stm32f4xx_ll_usb.o
                                                  build/stm32f4xx_hal_pcd.o
USB_HC_Halt                                       build/stm32f4xx_ll_usb.o
USB_HC_Init                                       build/stm32f4xx_ll_usb.o
USB_HC_ReadInterrupt                              build/stm32f4xx_ll_usb.o
USB_HC_StartXfer                                  build/stm32f4xx_ll_usb.o
USB_HostInit                                      build/stm32f4xx_ll_usb.o
USB_InitFSLSPClkSel                               build/stm32f4xx_ll_usb.o
USB_ReadChInterrupts                              build/stm32f4xx_ll_usb.o
USB_ReadDevAllInEpInterrupt                       build/stm32f4xx_ll_usb.o
                                                  build/stm32f4xx_hal_pcd.o
USB_ReadDevAllOutEpInterrupt                      build/stm32f4xx_ll_usb.o
                                                  build/stm32f4xx_hal_pcd.o
USB_ReadDevInEPInterrupt                          build/stm32f4xx_ll_usb.o
                                                  build/stm32f4xx_hal_pcd.o
USB_ReadDevOutEPInterrupt                         build/stm32f4xx_ll_usb.o
                                                  build/stm32f4xx_hal_pcd.o
USB_ReadInterrupts                                build/stm32f4xx_ll_usb.o
                                                  build/stm32f4xx_hal_pcd.o
USB_ReadPacket                                    build/stm32f4xx_ll_usb.o
                                                  build/stm32f4xx_hal_pcd.o
USB_ResetPort                                     build/stm32f4xx_ll_usb.o
USB_SetCurrentMode                                build/stm32f4xx_ll_usb.o
                                                  build/stm32f4xx_hal_pcd.o
USB_SetDevAddress                                 build/stm32f4xx_ll_usb.o
                                                  build/stm32f4xx_hal_pcd.o
USB_SetDevSpeed                                   build/stm32f4xx_ll_usb.o
USB_SetTurnaroundTime                             build/stm32f4xx_ll_usb.o
                                                  build/stm32f4xx_hal_pcd.o
USB_StopDevice                                    build/stm32f4xx_ll_usb.o
                                                  build/stm32f4xx_hal_pcd.o
USB_StopHost                                      build/stm32f4xx_ll_usb.o
USB_WritePacket                                   build/stm32f4xx_ll_usb.o
                                                  build/stm32f4xx_hal_pcd.o
UsageFault_Handler                                build/stm32f4xx_it.o
WWDG_IRQHandler                                   build/startup_stm32f439xx.o
_ITM_deregisterTMCloneTable                       /usr/lib/gcc/arm-none-eabi/13.2.1/thumb/v7e-m+fp/hard/crtbegin.o
_ITM_registerTMCloneTable                         /usr/lib/gcc/arm-none-eabi/13.2.1/thumb/v7e-m+fp/hard/crtbegin.o
_Min_Stack_Size                                   build/sysmem.o
__TMC_END__                                       /usr/lib/gcc/arm-none-eabi/13.2.1/thumb/v7e-m+fp/hard/crtend.o
                                                  /usr/lib/gcc/arm-none-eabi/13.2.1/thumb/v7e-m+fp/hard/crtbegin.o
__aeabi_idiv0                                     /usr/lib/gcc/arm-none-eabi/13.2.1/thumb/v7e-m+fp/hard/libgcc.a(_dvmd_tls.o)
__aeabi_ldiv0                                     /usr/lib/gcc/arm-none-eabi/13.2.1/thumb/v7e-m+fp/hard/libgcc.a(_dvmd_tls.o)
                                                  /usr/lib/gcc/arm-none-eabi/13.2.1/thumb/v7e-m+fp/hard/libgcc.a(_aeabi_uldivmod.o)
__aeabi_uldivmod                                  /usr/lib/gcc/arm-none-eabi/13.2.1/thumb/v7e-m+fp/hard/libgcc.a(_aeabi_uldivmod.o)
                                                  build/stm32f4xx_hal_uart.o
                                                  build/stm32f4xx_hal_rcc.o
__atexit                                          /usr/lib/gcc/arm-none-eabi/13.2.1/../../../arm-none-eabi/lib/thumb/v7e-m+fp/hard/libc_nano.a(libc_a-__call_atexit.o)
                                                  /usr/lib/gcc/arm-none-eabi/13.2.1/../../../arm-none-eabi/lib/thumb/v7e-m+fp/hard/libc_nano.a(libc_a-__atexit.o)
__atexit0                                         /usr/lib/gcc/arm-none-eabi/13.2.1/../../../arm-none-eabi/lib/thumb/v7e-m+fp/hard/libc_nano.a(libc_a-__atexit.o)
__atexit_dummy                                    /usr/lib/gcc/arm-none-eabi/13.2.1/../../../arm-none-eabi/lib/thumb/v7e-m+fp/hard/libc_nano.a(libc_a-__atexit.o)
__bss_end__                                       /usr/lib/gcc/arm-none-eabi/13.2.1/../../../arm-none-eabi/lib/thumb/v7e-m+fp/hard/crt0.o
__bss_start__                                     /usr/lib/gcc/arm-none-eabi/13.2.1/../../../arm-none-eabi/lib/thumb/v7e-m+fp/hard/crt0.o
__call_exitprocs                                  /usr/lib/gcc/arm-none-eabi/13.2.1/../../../arm-none-eabi/lib/thumb/v7e-m+fp/hard/libc_nano.a(libc_a-__call_atexit.o)
                                                  /usr/lib/gcc/arm-none-eabi/13.2.1/../../../arm-none-eabi/lib/thumb/v7e-m+fp/hard/libc_nano.a(libc_a-__atexit.o)
                                                  /usr/lib/gcc/arm-none-eabi/13.2.1/../../../arm-none-eabi/lib/thumb/v7e-m+fp/hard/libc_nano.a(libc_a-exit.o)
__deregister_frame_info                           /usr/lib/gcc/arm-none-eabi/13.2.1/thumb/v7e-m+fp/hard/crtbegin.o
__dso_handle                                      /usr/lib/gcc/arm-none-eabi/13.2.1/thumb/v7e-m+fp/hard/crtbegin.o
__env                                             build/syscalls.o
__errno                                           /usr/lib/gcc/arm-none-eabi/13.2.1/../../../arm-none-eabi/lib/thumb/v7e-m+fp/hard/libc_nano.a(libc_a-errno.o)
                                                  build/syscalls.o
                                                  build/sysmem.o
__fini_array_end                                  /usr/lib/gcc/arm-none-eabi/13.2.1/../../../arm-none-eabi/lib/thumb/v7e-m+fp/hard/libc_nano.a(libc_a-fini.o)
__fini_array_start                                /usr/lib/gcc/arm-none-eabi/13.2.1/../../../arm-none-eabi/lib/thumb/v7e-m+fp/hard/libc_nano.a(libc_a-fini.o)
__fp_lock_all                                     /usr/lib/gcc/arm-none-eabi/13.2.1/../../../arm-none-eabi/lib/thumb/v7e-m+fp/hard/libc_nano.a(libc_a-findfp.o)
__fp_unlock_all                                   /usr/lib/gcc/arm-none-eabi/13.2.1/../../../arm-none-eabi/lib/thumb/v7e-m+fp/hard/libc_nano.a(libc_a-findfp.o)
__init_array_end                                  /usr/lib/gcc/arm-none-eabi/13.2.1/../../../arm-none-eabi/lib/thumb/v7e-m+fp/hard/libc_nano.a(libc_a-init.o)
__init_array_start                                /usr/lib/gcc/arm-none-eabi/13.2.1/../../../arm-none-eabi/lib/thumb/v7e-m+fp/hard/libc_nano.a(libc_a-init.o)
__io_getchar                                      build/syscalls.o
__io_putchar                                      build/syscalls.o
__libc_fini_array                                 /usr/lib/gcc/arm-none-eabi/13.2.1/../../../arm-none-eabi/lib/thumb/v7e-m+fp/hard/libc_nano.a(libc_a-fini.o)
                                                  /usr/lib/gcc/arm-none-eabi/13.2.1/../../../arm-none-eabi/lib/thumb/v7e-m+fp/hard/crt0.o
__libc_init_array                                 /usr/lib/gcc/arm-none-eabi/13.2.1/../../../arm-none-eabi/lib/thumb/v7e-m+fp/hard/libc_nano.a(libc_a-init.o)
                                                  build/startup_stm32f439xx.o
                                                  /usr/lib/gcc/arm-none-eabi/13.2.1/../../../arm-none-eabi/lib/thumb/v7e-m+fp/hard/crt0.o
__malloc_free_list                                /usr/lib/gcc/arm-none-eabi/13.2.1/../../../arm-none-eabi/lib/thumb/v7e-m+fp/hard/libc_nano.a(libc_a-mallocr.o)
                                                  /usr/lib/gcc/arm-none-eabi/13.2.1/../../../arm-none-eabi/lib/thumb/v7e-m+fp/hard/libc_nano.a(libc_a-freer.o)
__malloc_lock                                     /usr/lib/gcc/arm-none-eabi/13.2.1/../../../arm-none-eabi/lib/thumb/v7e-m+fp/hard/libc_nano.a(libc_a-mlock.o)
                                                  /usr/lib/gcc/arm-none-eabi/13.2.1/../../../arm-none-eabi/lib/thumb/v7e-m+fp/hard/libc_nano.a(libc_a-freer.o)
                                                  /usr/lib/gcc/arm-none-eabi/13.2.1/../../../arm-none-eabi/lib/thumb/v7e-m+fp/hard/libc_nano.a(libc_a-mallocr.o)
__malloc_sbrk_start                               /usr/lib/gcc/arm-none-eabi/13.2.1/../../../arm-none-eabi/lib/thumb/v7e-m+fp/hard/libc_nano.a(libc_a-mallocr.o)
__malloc_unlock                                   /usr/lib/gcc/arm-none-eabi/13.2.1/../../../arm-none-eabi/lib/thumb/v7e-m+fp/hard/libc_nano.a(libc_a-mlock.o)
                                                  /usr/lib/gcc/arm-none-eabi/13.2.1/../../../arm-none-eabi/lib/thumb/v7e-m+fp/hard/libc_nano.a(libc_a-freer.o)
                                                  /usr/lib/gcc/arm-none-eabi/13.2.1/../../../arm-none-eabi/lib/thumb/v7e-m+fp/hard/libc_nano.a(libc_a-mallocr.o)
__on_exit_args                                    /usr/lib/gcc/arm-none-eabi/13.2.1/../../../arm-none-eabi/lib/thumb/v7e-m+fp/hard/libc_nano.a(libc_a-__atexit.o)
__preinit_array_end                               /usr/lib/gcc/arm-none-eabi/13.2.1/../../../arm-none-eabi/lib/thumb/v7e-m+fp/hard/libc_nano.a(libc_a-init.o)
__preinit_array_start                             /usr/lib/gcc/arm-none-eabi/13.2.1/../../../arm-none-eabi/lib/thumb/v7e-m+fp/hard/libc_nano.a(libc_a-init.o)
__register_exitproc                               /usr/lib/gcc/arm-none-eabi/13.2.1/../../../arm-none-eabi/lib/thumb/v7e-m+fp/hard/libc_nano.a(libc_a-__atexit.o)
                                                  /usr/lib/gcc/arm-none-eabi/13.2.1/../../../arm-none-eabi/lib/thumb/v7e-m+fp/hard/libc_nano.a(libc_a-atexit.o)
__register_frame_info                             /usr/lib/gcc/arm-none-eabi/13.2.1/thumb/v7e-m+fp/hard/crtbegin.o
__sclose                                          /usr/lib/gcc/arm-none-eabi/13.2.1/../../../arm-none-eabi/lib/thumb/v7e-m+fp/hard/libc_nano.a(libc_a-stdio.o)
                                                  /usr/lib/gcc/arm-none-eabi/13.2.1/../../../arm-none-eabi/lib/thumb/v7e-m+fp/hard/libc_nano.a(libc_a-findfp.o)
__seofread                                        /usr/lib/gcc/arm-none-eabi/13.2.1/../../../arm-none-eabi/lib/thumb/v7e-m+fp/hard/libc_nano.a(libc_a-stdio.o)
__sf                                              /usr/lib/gcc/arm-none-eabi/13.2.1/../../../arm-none-eabi/lib/thumb/v7e-m+fp/hard/libc_nano.a(libc_a-findfp.o)
                                                  /usr/lib/gcc/arm-none-eabi/13.2.1/../../../arm-none-eabi/lib/thumb/v7e-m+fp/hard/libc_nano.a(libc_a-impure.o)
__sflush_r                                        /usr/lib/gcc/arm-none-eabi/13.2.1/../../../arm-none-eabi/lib/thumb/v7e-m+fp/hard/libc_nano.a(libc_a-fflush.o)
__sfp                                             /usr/lib/gcc/arm-none-eabi/13.2.1/../../../arm-none-eabi/lib/thumb/v7e-m+fp/hard/libc_nano.a(libc_a-findfp.o)
__sfp_lock_acquire                                /usr/lib/gcc/arm-none-eabi/13.2.1/../../../arm-none-eabi/lib/thumb/v7e-m+fp/hard/libc_nano.a(libc_a-findfp.o)
__sfp_lock_release                                /usr/lib/gcc/arm-none-eabi/13.2.1/../../../arm-none-eabi/lib/thumb/v7e-m+fp/hard/libc_nano.a(libc_a-findfp.o)
__sglue                                           /usr/lib/gcc/arm-none-eabi/13.2.1/../../../arm-none-eabi/lib/thumb/v7e-m+fp/hard/libc_nano.a(libc_a-findfp.o)
                                                  /usr/lib/gcc/arm-none-eabi/13.2.1/../../../arm-none-eabi/lib/thumb/v7e-m+fp/hard/libc_nano.a(libc_a-fflush.o)
__sinit                                           /usr/lib/gcc/arm-none-eabi/13.2.1/../../../arm-none-eabi/lib/thumb/v7e-m+fp/hard/libc_nano.a(libc_a-findfp.o)
                                                  /usr/lib/gcc/arm-none-eabi/13.2.1/../../../arm-none-eabi/lib/thumb/v7e-m+fp/hard/libc_nano.a(libc_a-fflush.o)
__sread                                           /usr/lib/gcc/arm-none-eabi/13.2.1/../../../arm-none-eabi/lib/thumb/v7e-m+fp/hard/libc_nano.a(libc_a-stdio.o)
                                                  /usr/lib/gcc/arm-none-eabi/13.2.1/../../../arm-none-eabi/lib/thumb/v7e-m+fp/hard/libc_nano.a(libc_a-findfp.o)
__sseek                                           /usr/lib/gcc/arm-none-eabi/13.2.1/../../../arm-none-eabi/lib/thumb/v7e-m+fp/hard/libc_nano.a(libc_a-stdio.o)
                                                  /usr/lib/gcc/arm-none-eabi/13.2.1/../../../arm-none-eabi/lib/thumb/v7e-m+fp/hard/libc_nano.a(libc_a-findfp.o)
__stack                                           /usr/lib/gcc/arm-none-eabi/13.2.1/../../../arm-none-eabi/lib/thumb/v7e-m+fp/hard/crt0.o
__stdio_exit_handler                              /usr/lib/gcc/arm-none-eabi/13.2.1/../../../arm-none-eabi/lib/thumb/v7e-m+fp/hard/libc_nano.a(libc_a-findfp.o)
                                                  /usr/lib/gcc/arm-none-eabi/13.2.1/../../../arm-none-eabi/lib/thumb/v7e-m+fp/hard/libc_nano.a(libc_a-exit.o)
__swrite                                          /usr/lib/gcc/arm-none-eabi/13.2.1/../../../arm-none-eabi/lib/thumb/v7e-m+fp/hard/libc_nano.a(libc_a-stdio.o)
                                                  /usr/lib/gcc/arm-none-eabi/13.2.1/../../../arm-none-eabi/lib/thumb/v7e-m+fp/hard/libc_nano.a(libc_a-findfp.o)
__udivmoddi4                                      /usr/lib/gcc/arm-none-eabi/13.2.1/thumb/v7e-m+fp/hard/libgcc.a(_udivmoddi4.o)
                                                  /usr/lib/gcc/arm-none-eabi/13.2.1/thumb/v7e-m+fp/hard/libgcc.a(_aeabi_uldivmod.o)
_close                                            build/syscalls.o
                                                  /usr/lib/gcc/arm-none-eabi/13.2.1/../../../arm-none-eabi/lib/thumb/v7e-m+fp/hard/libc_nano.a(libc_a-closer.o)
_close_r                                          /usr/lib/gcc/arm-none-eabi/13.2.1/../../../arm-none-eabi/lib/thumb/v7e-m+fp/hard/libc_nano.a(libc_a-closer.o)
                                                  /usr/lib/gcc/arm-none-eabi/13.2.1/../../../arm-none-eabi/lib/thumb/v7e-m+fp/hard/libc_nano.a(libc_a-stdio.o)
_ebss                                             build/startup_stm32f439xx.o
_edata                                            build/startup_stm32f439xx.o
_end                                              build/sysmem.o
_estack                                           build/startup_stm32f439xx.o
                                                  build/sysmem.o
_execve                                           build/syscalls.o
_exit                                             build/syscalls.o
                                                  /usr/lib/gcc/arm-none-eabi/13.2.1/../../../arm-none-eabi/lib/thumb/v7e-m+fp/hard/libc_nano.a(libc_a-exit.o)
_fflush_r                                         /usr/lib/gcc/arm-none-eabi/13.2.1/../../../arm-none-eabi/lib/thumb/v7e-m+fp/hard/libc_nano.a(libc_a-fflush.o)
                                                  /usr/lib/gcc/arm-none-eabi/13.2.1/../../../arm-none-eabi/lib/thumb/v7e-m+fp/hard/libc_nano.a(libc_a-findfp.o)
_fini                                             /usr/lib/gcc/arm-none-eabi/13.2.1/thumb/v7e-m+fp/hard/crti.o
                                                  /usr/lib/gcc/arm-none-eabi/13.2.1/../../../arm-none-eabi/lib/thumb/v7e-m+fp/hard/libc_nano.a(libc_a-fini.o)
_fork                                             build/syscalls.o
_free_r                                           /usr/lib/gcc/arm-none-eabi/13.2.1/../../../arm-none-eabi/lib/thumb/v7e-m+fp/hard/libc_nano.a(libc_a-freer.o)
                                                  /usr/lib/gcc/arm-none-eabi/13.2.1/../../../arm-none-eabi/lib/thumb/v7e-m+fp/hard/libc_nano.a(libc_a-reent.o)
                                                  /usr/lib/gcc/arm-none-eabi/13.2.1/../../../arm-none-eabi/lib/thumb/v7e-m+fp/hard/libc_nano.a(libc_a-fflush.o)
_fstat                                            build/syscalls.o
_fwalk_sglue                                      /usr/lib/gcc/arm-none-eabi/13.2.1/../../../arm-none-eabi/lib/thumb/v7e-m+fp/hard/libc_nano.a(libc_a-fwalk.o)